2026-05-05 15:55:38 [background-preinit] INFO  o.h.validator.internal.util.Version - HV000001: Hibernate Validator 8.0.1.Final
2026-05-05 15:55:38 [main] INFO  com.sentinel.SentinelApplication - Starting SentinelApplication using Java 17.0.12 with PID 15672 (A:\Projects\Santinel\backend\target\classes started by Ajay in A:\Projects\Santinel\backend)
2026-05-05 15:55:38 [main] INFO  com.sentinel.SentinelApplication - No active profile set, falling back to 1 default profile: "default"
2026-05-05 15:55:40 [main] INFO  o.s.d.r.c.RepositoryConfigurationDelegate - Bootstrapping Spring Data MongoDB repositories in DEFAULT mode.
2026-05-05 15:55:40 [main] INFO  o.s.d.r.c.RepositoryConfigurationDelegate - Finished Spring Data repository scanning in 333 ms. Found 3 MongoDB repository interfaces.
2026-05-05 15:55:41 [main] INFO  o.s.b.w.e.tomcat.TomcatWebServer - Tomcat initialized with port 5500 (http)
2026-05-05 15:55:41 [main] INFO  o.a.coyote.http11.Http11NioProtocol - Initializing ProtocolHandler ["http-nio-5500"]
2026-05-05 15:55:41 [main] INFO  o.a.catalina.core.StandardService - Starting service [Tomcat]
2026-05-05 15:55:41 [main] INFO  o.a.catalina.core.StandardEngine - Starting Servlet engine: [Apache Tomcat/10.1.20]
2026-05-05 15:55:41 [main] INFO  o.a.c.c.C.[Tomcat].[localhost].[/] - Initializing Spring embedded WebApplicationContext
2026-05-05 15:55:41 [main] INFO  o.s.b.w.s.c.ServletWebServerApplicationContext - Root WebApplicationContext: initialization completed in 3054 ms
2026-05-05 15:55:42 [main] INFO  org.mongodb.driver.cluster - Adding discovered server ac-ipegaos-shard-00-00.n6xcems.mongodb.net:27017 to client view of cluster
2026-05-05 15:55:42 [main] INFO  org.mongodb.driver.cluster - Adding discovered server ac-ipegaos-shard-00-01.n6xcems.mongodb.net:27017 to client view of cluster
2026-05-05 15:55:42 [main] INFO  org.mongodb.driver.cluster - Adding discovered server ac-ipegaos-shard-00-02.n6xcems.mongodb.net:27017 to client view of cluster
2026-05-05 15:55:42 [main] INFO  org.mongodb.driver.client - MongoClient with metadata {"application": {"name": "Cluster0"}, "driver": {"name": "mongo-java-driver|sync|spring-boot", "version": "4.11.2"}, "os": {"type": "Windows", "name": "Windows 11", "architecture": "amd64", "version": "10.0"}, "platform": "Java/Oracle Corporation/17.0.12+8-LTS-286"} created with settings MongoClientSettings{readPreference=primary, writeConcern=WriteConcern{w=null, wTimeout=null ms, journal=null}, retryWrites=true, retryReads=true, readConcern=ReadConcern{level=null}, credential=MongoCredential{mechanism=null, userName='admin', source='admin', password=<hidden>, mechanismProperties=<hidden>}, transportSettings=null, streamFactoryFactory=null, commandListeners=[], codecRegistry=ProvidersCodecRegistry{codecProviders=[ValueCodecProvider{}, BsonValueCodecProvider{}, DBRefCodecProvider{}, DBObjectCodecProvider{}, DocumentCodecProvider{}, CollectionCodecProvider{}, IterableCodecProvider{}, MapCodecProvider{}, GeoJsonCodecProvider{}, GridFSFileCodecProvider{}, Jsr310CodecProvider{}, JsonObjectCodecProvider{}, BsonCodecProvider{}, EnumCodecProvider{}, com.mongodb.client.model.mql.ExpressionCodecProvider@565aa4ac, com.mongodb.Jep395RecordCodecProvider@587c5c1, com.mongodb.KotlinCodecProvider@528c8c1]}, loggerSettings=LoggerSettings{maxDocumentLength=1000}, clusterSettings={hosts=[ac-ipegaos-shard-00-00.n6xcems.mongodb.net:27017, ac-ipegaos-shard-00-01.n6xcems.mongodb.net:27017, ac-ipegaos-shard-00-02.n6xcems.mongodb.net:27017], srvServiceName=mongodb, mode=MULTIPLE, requiredClusterType=REPLICA_SET, requiredReplicaSetName='atlas-12ucmv-shard-0', serverSelector='null', clusterListeners='[]', serverSelectionTimeout='30000 ms', localThreshold='15 ms'}, socketSettings=SocketSettings{connectTimeoutMS=10000, readTimeoutMS=0, receiveBufferSize=0, proxySettings=ProxySettings{host=null, port=null, username=null, password=null}}, heartbeatSocketSettings=SocketSettings{connectTimeoutMS=10000, readTimeoutMS=10000, receiveBufferSize=0, proxySettings=ProxySettings{host=null, port=null, username=null, password=null}}, connectionPoolSettings=ConnectionPoolSettings{maxSize=100, minSize=0, maxWaitTimeMS=120000, maxConnectionLifeTimeMS=0, maxConnectionIdleTimeMS=0, maintenanceInitialDelayMS=0, maintenanceFrequencyMS=60000, connectionPoolListeners=[], maxConnecting=2}, serverSettings=ServerSettings{heartbeatFrequencyMS=10000, minHeartbeatFrequencyMS=500, serverListeners='[]', serverMonitorListeners='[]'}, sslSettings=SslSettings{enabled=true, invalidHostNameAllowed=false, context=null}, applicationName='Cluster0', compressorList=[], uuidRepresentation=JAVA_LEGACY, serverApi=null, autoEncryptionSettings=null, dnsClient=null, inetAddressResolver=null, contextProvider=null}
2026-05-05 15:55:43 [cluster-ClusterId{value='69f9c5a6935d7d37670aeb61', description='Cluster0'}-ac-ipegaos-shard-00-01.n6xcems.mongodb.net:27017] INFO  org.mongodb.driver.cluster - Monitor thread successfully connected to server with description ServerDescription{address=ac-ipegaos-shard-00-01.n6xcems.mongodb.net:27017, type=REPLICA_SET_SECONDARY, state=CONNECTED, ok=true, minWireVersion=0, maxWireVersion=25, maxDocumentSize=16777216, logicalSessionTimeoutMinutes=30, roundTripTimeNanos=537027500, setName='atlas-12ucmv-shard-0', canonicalAddress=ac-ipegaos-shard-00-01.n6xcems.mongodb.net:27017, hosts=[ac-ipegaos-shard-00-00.n6xcems.mongodb.net:27017, ac-ipegaos-shard-00-02.n6xcems.mongodb.net:27017, ac-ipegaos-shard-00-01.n6xcems.mongodb.net:27017], passives=[], arbiters=[], primary='ac-ipegaos-shard-00-02.n6xcems.mongodb.net:27017', tagSet=TagSet{[Tag{name='availabilityZone', value='aps1-az3'}, Tag{name='cacheState', value='READY'}, Tag{name='diskState', value='READY'}, Tag{name='nodeType', value='ELECTABLE'}, Tag{name='provider', value='AWS'}, Tag{name='region', value='AP_SOUTH_1'}, Tag{name='workloadType', value='OPERATIONAL'}]}, electionId=null, setVersion=59, topologyVersion=TopologyVersion{processId=69f3ad64c76752dcd71912a2, counter=3}, lastWriteDate=Tue May 05 15:55:43 IST 2026, lastUpdateTimeNanos=21495432974600}
2026-05-05 15:55:43 [cluster-ClusterId{value='69f9c5a6935d7d37670aeb61', description='Cluster0'}-ac-ipegaos-shard-00-02.n6xcems.mongodb.net:27017] INFO  org.mongodb.driver.cluster - Monitor thread successfully connected to server with description ServerDescription{address=ac-ipegaos-shard-00-02.n6xcems.mongodb.net:27017, type=REPLICA_SET_PRIMARY, state=CONNECTED, ok=true, minWireVersion=0, maxWireVersion=25, maxDocumentSize=16777216, logicalSessionTimeoutMinutes=30, roundTripTimeNanos=537087000, setName='atlas-12ucmv-shard-0', canonicalAddress=ac-ipegaos-shard-00-02.n6xcems.mongodb.net:27017, hosts=[ac-ipegaos-shard-00-00.n6xcems.mongodb.net:27017, ac-ipegaos-shard-00-02.n6xcems.mongodb.net:27017, ac-ipegaos-shard-00-01.n6xcems.mongodb.net:27017], passives=[], arbiters=[], primary='ac-ipegaos-shard-00-02.n6xcems.mongodb.net:27017', tagSet=TagSet{[Tag{name='availabilityZone', value='aps1-az2'}, Tag{name='cacheState', value='READY'}, Tag{name='diskState', value='READY'}, Tag{name='nodeType', value='ELECTABLE'}, Tag{name='provider', value='AWS'}, Tag{name='region', value='AP_SOUTH_1'}, Tag{name='workloadType', value='OPERATIONAL'}]}, electionId=7fffffff00000000000000de, setVersion=59, topologyVersion=TopologyVersion{processId=69f3aaf9f53630c5bd712865, counter=6}, lastWriteDate=Tue May 05 15:55:43 IST 2026, lastUpdateTimeNanos=21495432976500}
2026-05-05 15:55:43 [cluster-ClusterId{value='69f9c5a6935d7d37670aeb61', description='Cluster0'}-ac-ipegaos-shard-00-02.n6xcems.mongodb.net:27017] INFO  org.mongodb.driver.cluster - Discovered replica set primary ac-ipegaos-shard-00-02.n6xcems.mongodb.net:27017 with max election id 7fffffff00000000000000de and max set version 59
2026-05-05 15:55:43 [main] WARN  o.s.b.a.s.s.UserDetailsServiceAutoConfiguration - 

Using generated security password: 6d755c9e-ad84-4d7d-994d-b7ba0b896085

This generated password is for development use only. Your security configuration must be updated before running your application in production.

2026-05-05 15:55:44 [cluster-ClusterId{value='69f9c5a6935d7d37670aeb61', description='Cluster0'}-ac-ipegaos-shard-00-00.n6xcems.mongodb.net:27017] INFO  org.mongodb.driver.cluster - Monitor thread successfully connected to server with description ServerDescription{address=ac-ipegaos-shard-00-00.n6xcems.mongodb.net:27017, type=REPLICA_SET_SECONDARY, state=CONNECTED, ok=true, minWireVersion=0, maxWireVersion=25, maxDocumentSize=16777216, logicalSessionTimeoutMinutes=30, roundTripTimeNanos=932459300, setName='atlas-12ucmv-shard-0', canonicalAddress=ac-ipegaos-shard-00-00.n6xcems.mongodb.net:27017, hosts=[ac-ipegaos-shard-00-00.n6xcems.mongodb.net:27017, ac-ipegaos-shard-00-02.n6xcems.mongodb.net:27017, ac-ipegaos-shard-00-01.n6xcems.mongodb.net:27017], passives=[], arbiters=[], primary='ac-ipegaos-shard-00-02.n6xcems.mongodb.net:27017', tagSet=TagSet{[Tag{name='availabilityZone', value='aps1-az1'}, Tag{name='cacheState', value='READY'}, Tag{name='diskState', value='READY'}, Tag{name='nodeType', value='ELECTABLE'}, Tag{name='provider', value='AWS'}, Tag{name='region', value='AP_SOUTH_1'}, Tag{name='workloadType', value='OPERATIONAL'}]}, electionId=null, setVersion=59, topologyVersion=TopologyVersion{processId=69f3a905134fe1d7a24e0f42, counter=4}, lastWriteDate=Tue May 05 15:55:43 IST 2026, lastUpdateTimeNanos=21496066398000}
2026-05-05 15:55:44 [main] INFO  o.s.s.web.DefaultSecurityFilterChain - Will secure any request with [org.springframework.security.web.session.DisableEncodeUrlFilter@33a71d23, org.springframework.security.web.context.request.async.WebAsyncManagerIntegrationFilter@23c05889, org.springframework.security.web.context.SecurityContextHolderFilter@3c7d8a4, org.springframework.security.web.header.HeaderWriterFilter@592cb470, org.springframework.web.filter.CorsFilter@12166229, org.springframework.security.web.authentication.logout.LogoutFilter@61c5fd78, com.sentinel.security.JwtTokenFilter@208e5b23, org.springframework.security.web.savedrequest.RequestCacheAwareFilter@43423d40, org.springframework.security.web.servletapi.SecurityContextHolderAwareRequestFilter@5f3f57ff, org.springframework.security.web.authentication.AnonymousAuthenticationFilter@2bcb1414, org.springframework.security.web.session.SessionManagementFilter@6c66ddab, org.springframework.security.web.access.ExceptionTranslationFilter@3ba46845, org.springframework.security.web.access.intercept.AuthorizationFilter@135064ea]
2026-05-05 15:55:44 [main] INFO  o.a.coyote.http11.Http11NioProtocol - Starting ProtocolHandler ["http-nio-5500"]
2026-05-05 15:55:44 [main] INFO  o.s.b.w.e.tomcat.TomcatWebServer - Tomcat started on port 5500 (http) with context path ''
2026-05-05 15:55:44 [main] INFO  com.sentinel.SentinelApplication - Started SentinelApplication in 7.301 seconds (process running for 8.176)
2026-05-05 15:55:56 [http-nio-5500-exec-2] INFO  o.a.c.c.C.[Tomcat].[localhost].[/] - Initializing Spring DispatcherServlet 'dispatcherServlet'
2026-05-05 15:55:56 [http-nio-5500-exec-2] INFO  o.s.web.servlet.DispatcherServlet - Initializing Servlet 'dispatcherServlet'
2026-05-05 15:55:56 [http-nio-5500-exec-2] INFO  o.s.web.servlet.DispatcherServlet - Completed initialization in 2 ms
2026-05-05 16:46:05 [background-preinit] INFO  o.h.validator.internal.util.Version - HV000001: Hibernate Validator 8.0.1.Final
2026-05-05 16:46:06 [main] INFO  com.sentinel.SentinelApplication - Starting SentinelApplication using Java 17.0.12 with PID 22520 (A:\Projects\Santinel\backend\target\classes started by Ajay in A:\Projects\Santinel\backend)
2026-05-05 16:46:06 [main] INFO  com.sentinel.SentinelApplication - No active profile set, falling back to 1 default profile: "default"
2026-05-05 16:46:07 [main] INFO  o.s.d.r.c.RepositoryConfigurationDelegate - Bootstrapping Spring Data MongoDB repositories in DEFAULT mode.
2026-05-05 16:46:07 [main] INFO  o.s.d.r.c.RepositoryConfigurationDelegate - Finished Spring Data repository scanning in 242 ms. Found 3 MongoDB repository interfaces.
2026-05-05 16:46:08 [main] INFO  o.s.b.w.e.tomcat.TomcatWebServer - Tomcat initialized with port 5500 (http)
2026-05-05 16:46:08 [main] INFO  o.a.coyote.http11.Http11NioProtocol - Initializing ProtocolHandler ["http-nio-5500"]
2026-05-05 16:46:08 [main] INFO  o.a.catalina.core.StandardService - Starting service [Tomcat]
2026-05-05 16:46:08 [main] INFO  o.a.catalina.core.StandardEngine - Starting Servlet engine: [Apache Tomcat/10.1.20]
2026-05-05 16:46:08 [main] INFO  o.a.c.c.C.[Tomcat].[localhost].[/] - Initializing Spring embedded WebApplicationContext
2026-05-05 16:46:08 [main] INFO  o.s.b.w.s.c.ServletWebServerApplicationContext - Root WebApplicationContext: initialization completed in 2553 ms
2026-05-05 16:46:08 [main] INFO  org.mongodb.driver.cluster - Adding discovered server ac-ipegaos-shard-00-00.n6xcems.mongodb.net:27017 to client view of cluster
2026-05-05 16:46:09 [main] INFO  org.mongodb.driver.cluster - Adding discovered server ac-ipegaos-shard-00-01.n6xcems.mongodb.net:27017 to client view of cluster
2026-05-05 16:46:09 [main] INFO  org.mongodb.driver.cluster - Adding discovered server ac-ipegaos-shard-00-02.n6xcems.mongodb.net:27017 to client view of cluster
2026-05-05 16:46:09 [main] INFO  org.mongodb.driver.client - MongoClient with metadata {"application": {"name": "Cluster0"}, "driver": {"name": "mongo-java-driver|sync|spring-boot", "version": "4.11.2"}, "os": {"type": "Windows", "name": "Windows 11", "architecture": "amd64", "version": "10.0"}, "platform": "Java/Oracle Corporation/17.0.12+8-LTS-286"} created with settings MongoClientSettings{readPreference=primary, writeConcern=WriteConcern{w=null, wTimeout=null ms, journal=null}, retryWrites=true, retryReads=true, readConcern=ReadConcern{level=null}, credential=MongoCredential{mechanism=null, userName='admin', source='admin', password=<hidden>, mechanismProperties=<hidden>}, transportSettings=null, streamFactoryFactory=null, commandListeners=[], codecRegistry=ProvidersCodecRegistry{codecProviders=[ValueCodecProvider{}, BsonValueCodecProvider{}, DBRefCodecProvider{}, DBObjectCodecProvider{}, DocumentCodecProvider{}, CollectionCodecProvider{}, IterableCodecProvider{}, MapCodecProvider{}, GeoJsonCodecProvider{}, GridFSFileCodecProvider{}, Jsr310CodecProvider{}, JsonObjectCodecProvider{}, BsonCodecProvider{}, EnumCodecProvider{}, com.mongodb.client.model.mql.ExpressionCodecProvider@643ba1ed, com.mongodb.Jep395RecordCodecProvider@3d3a1903, com.mongodb.KotlinCodecProvider@26582ca]}, loggerSettings=LoggerSettings{maxDocumentLength=1000}, clusterSettings={hosts=[ac-ipegaos-shard-00-00.n6xcems.mongodb.net:27017, ac-ipegaos-shard-00-01.n6xcems.mongodb.net:27017, ac-ipegaos-shard-00-02.n6xcems.mongodb.net:27017], srvServiceName=mongodb, mode=MULTIPLE, requiredClusterType=REPLICA_SET, requiredReplicaSetName='atlas-12ucmv-shard-0', serverSelector='null', clusterListeners='[]', serverSelectionTimeout='30000 ms', localThreshold='15 ms'}, socketSettings=SocketSettings{connectTimeoutMS=10000, readTimeoutMS=0, receiveBufferSize=0, proxySettings=ProxySettings{host=null, port=null, username=null, password=null}}, heartbeatSocketSettings=SocketSettings{connectTimeoutMS=10000, readTimeoutMS=10000, receiveBufferSize=0, proxySettings=ProxySettings{host=null, port=null, username=null, password=null}}, connectionPoolSettings=ConnectionPoolSettings{maxSize=100, minSize=0, maxWaitTimeMS=120000, maxConnectionLifeTimeMS=0, maxConnectionIdleTimeMS=0, maintenanceInitialDelayMS=0, maintenanceFrequencyMS=60000, connectionPoolListeners=[], maxConnecting=2}, serverSettings=ServerSettings{heartbeatFrequencyMS=10000, minHeartbeatFrequencyMS=500, serverListeners='[]', serverMonitorListeners='[]'}, sslSettings=SslSettings{enabled=true, invalidHostNameAllowed=false, context=null}, applicationName='Cluster0', compressorList=[], uuidRepresentation=JAVA_LEGACY, serverApi=null, autoEncryptionSettings=null, dnsClient=null, inetAddressResolver=null, contextProvider=null}
2026-05-05 16:46:10 [main] WARN  o.s.b.a.s.s.UserDetailsServiceAutoConfiguration - 

Using generated security password: 1944f25b-9248-4bf5-8c4c-399613233935

This generated password is for development use only. Your security configuration must be updated before running your application in production.

2026-05-05 16:46:10 [cluster-ClusterId{value='69f9d178deda652e62681274', description='Cluster0'}-ac-ipegaos-shard-00-02.n6xcems.mongodb.net:27017] INFO  org.mongodb.driver.cluster - Monitor thread successfully connected to server with description ServerDescription{address=ac-ipegaos-shard-00-02.n6xcems.mongodb.net:27017, type=REPLICA_SET_PRIMARY, state=CONNECTED, ok=true, minWireVersion=0, maxWireVersion=25, maxDocumentSize=16777216, logicalSessionTimeoutMinutes=30, roundTripTimeNanos=482898100, setName='atlas-12ucmv-shard-0', canonicalAddress=ac-ipegaos-shard-00-02.n6xcems.mongodb.net:27017, hosts=[ac-ipegaos-shard-00-00.n6xcems.mongodb.net:27017, ac-ipegaos-shard-00-02.n6xcems.mongodb.net:27017, ac-ipegaos-shard-00-01.n6xcems.mongodb.net:27017], passives=[], arbiters=[], primary='ac-ipegaos-shard-00-02.n6xcems.mongodb.net:27017', tagSet=TagSet{[Tag{name='availabilityZone', value='aps1-az2'}, Tag{name='cacheState', value='READY'}, Tag{name='diskState', value='READY'}, Tag{name='nodeType', value='ELECTABLE'}, Tag{name='provider', value='AWS'}, Tag{name='region', value='AP_SOUTH_1'}, Tag{name='workloadType', value='OPERATIONAL'}]}, electionId=7fffffff00000000000000de, setVersion=59, topologyVersion=TopologyVersion{processId=69f3aaf9f53630c5bd712865, counter=6}, lastWriteDate=Tue May 05 16:46:10 IST 2026, lastUpdateTimeNanos=24522057789300}
2026-05-05 16:46:10 [cluster-ClusterId{value='69f9d178deda652e62681274', description='Cluster0'}-ac-ipegaos-shard-00-01.n6xcems.mongodb.net:27017] INFO  org.mongodb.driver.cluster - Monitor thread successfully connected to server with description ServerDescription{address=ac-ipegaos-shard-00-01.n6xcems.mongodb.net:27017, type=REPLICA_SET_SECONDARY, state=CONNECTED, ok=true, minWireVersion=0, maxWireVersion=25, maxDocumentSize=16777216, logicalSessionTimeoutMinutes=30, roundTripTimeNanos=482908100, setName='atlas-12ucmv-shard-0', canonicalAddress=ac-ipegaos-shard-00-01.n6xcems.mongodb.net:27017, hosts=[ac-ipegaos-shard-00-00.n6xcems.mongodb.net:27017, ac-ipegaos-shard-00-02.n6xcems.mongodb.net:27017, ac-ipegaos-shard-00-01.n6xcems.mongodb.net:27017], passives=[], arbiters=[], primary='ac-ipegaos-shard-00-02.n6xcems.mongodb.net:27017', tagSet=TagSet{[Tag{name='availabilityZone', value='aps1-az3'}, Tag{name='cacheState', value='READY'}, Tag{name='diskState', value='READY'}, Tag{name='nodeType', value='ELECTABLE'}, Tag{name='provider', value='AWS'}, Tag{name='region', value='AP_SOUTH_1'}, Tag{name='workloadType', value='OPERATIONAL'}]}, electionId=null, setVersion=59, topologyVersion=TopologyVersion{processId=69f3ad64c76752dcd71912a2, counter=3}, lastWriteDate=Tue May 05 16:46:10 IST 2026, lastUpdateTimeNanos=24522057789400}
2026-05-05 16:46:10 [cluster-ClusterId{value='69f9d178deda652e62681274', description='Cluster0'}-ac-ipegaos-shard-00-00.n6xcems.mongodb.net:27017] INFO  org.mongodb.driver.cluster - Monitor thread successfully connected to server with description ServerDescription{address=ac-ipegaos-shard-00-00.n6xcems.mongodb.net:27017, type=REPLICA_SET_SECONDARY, state=CONNECTED, ok=true, minWireVersion=0, maxWireVersion=25, maxDocumentSize=16777216, logicalSessionTimeoutMinutes=30, roundTripTimeNanos=482851300, setName='atlas-12ucmv-shard-0', canonicalAddress=ac-ipegaos-shard-00-00.n6xcems.mongodb.net:27017, hosts=[ac-ipegaos-shard-00-00.n6xcems.mongodb.net:27017, ac-ipegaos-shard-00-02.n6xcems.mongodb.net:27017, ac-ipegaos-shard-00-01.n6xcems.mongodb.net:27017], passives=[], arbiters=[], primary='ac-ipegaos-shard-00-02.n6xcems.mongodb.net:27017', tagSet=TagSet{[Tag{name='availabilityZone', value='aps1-az1'}, Tag{name='cacheState', value='READY'}, Tag{name='diskState', value='READY'}, Tag{name='nodeType', value='ELECTABLE'}, Tag{name='provider', value='AWS'}, Tag{name='region', value='AP_SOUTH_1'}, Tag{name='workloadType', value='OPERATIONAL'}]}, electionId=null, setVersion=59, topologyVersion=TopologyVersion{processId=69f3a905134fe1d7a24e0f42, counter=4}, lastWriteDate=Tue May 05 16:46:10 IST 2026, lastUpdateTimeNanos=24522057789200}
2026-05-05 16:46:10 [cluster-ClusterId{value='69f9d178deda652e62681274', description='Cluster0'}-ac-ipegaos-shard-00-02.n6xcems.mongodb.net:27017] INFO  org.mongodb.driver.cluster - Discovered replica set primary ac-ipegaos-shard-00-02.n6xcems.mongodb.net:27017 with max election id 7fffffff00000000000000de and max set version 59
2026-05-05 16:46:10 [main] INFO  o.s.s.web.DefaultSecurityFilterChain - Will secure any request with [org.springframework.security.web.session.DisableEncodeUrlFilter@33a71d23, org.springframework.security.web.context.request.async.WebAsyncManagerIntegrationFilter@23c05889, org.springframework.security.web.context.SecurityContextHolderFilter@3c7d8a4, org.springframework.security.web.header.HeaderWriterFilter@592cb470, org.springframework.web.filter.CorsFilter@12166229, org.springframework.security.web.authentication.logout.LogoutFilter@61c5fd78, com.sentinel.security.JwtTokenFilter@208e5b23, org.springframework.security.web.savedrequest.RequestCacheAwareFilter@43423d40, org.springframework.security.web.servletapi.SecurityContextHolderAwareRequestFilter@5f3f57ff, org.springframework.security.web.authentication.AnonymousAuthenticationFilter@2bcb1414, org.springframework.security.web.session.SessionManagementFilter@6c66ddab, org.springframework.security.web.access.ExceptionTranslationFilter@3ba46845, org.springframework.security.web.access.intercept.AuthorizationFilter@135064ea]
2026-05-05 16:46:11 [main] INFO  o.a.coyote.http11.Http11NioProtocol - Starting ProtocolHandler ["http-nio-5500"]
2026-05-05 16:46:11 [main] WARN  o.s.b.w.s.c.AnnotationConfigServletWebServerApplicationContext - Exception encountered during context initialization - cancelling refresh attempt: org.springframework.context.ApplicationContextException: Failed to start bean 'webServerStartStop'
2026-05-05 16:46:11 [main] INFO  o.s.b.a.l.ConditionEvaluationReportLogger - 

Error starting ApplicationContext. To display the condition evaluation report re-run your application with 'debug' enabled.
2026-05-05 16:46:11 [main] ERROR o.s.b.d.LoggingFailureAnalysisReporter - 

***************************
APPLICATION FAILED TO START
***************************

Description:

Web server failed to start. Port 5500 was already in use.

Action:

Identify and stop the process that's listening on port 5500 or configure this application to listen on another port.

2026-05-05 18:52:51 [cluster-ClusterId{value='69f9c5a6935d7d37670aeb61', description='Cluster0'}-ac-ipegaos-shard-00-00.n6xcems.mongodb.net:27017] INFO  org.mongodb.driver.cluster - Exception in monitor thread while connecting to server ac-ipegaos-shard-00-00.n6xcems.mongodb.net:27017
com.mongodb.MongoSocketReadException: Exception receiving message
	at com.mongodb.internal.connection.InternalStreamConnection.translateReadException(InternalStreamConnection.java:730)
	at com.mongodb.internal.connection.InternalStreamConnection.receiveMessageWithAdditionalTimeout(InternalStreamConnection.java:606)
	at com.mongodb.internal.connection.InternalStreamConnection.receiveCommandMessageResponse(InternalStreamConnection.java:451)
	at com.mongodb.internal.connection.InternalStreamConnection.receive(InternalStreamConnection.java:404)
	at com.mongodb.internal.connection.DefaultServerMonitor$ServerMonitorRunnable.lookupServerDescription(DefaultServerMonitor.java:221)
	at com.mongodb.internal.connection.DefaultServerMonitor$ServerMonitorRunnable.run(DefaultServerMonitor.java:153)
	at java.base/java.lang.Thread.run(Thread.java:842)
Caused by: java.net.SocketException: Connection reset
	at java.base/sun.nio.ch.NioSocketImpl.implRead(NioSocketImpl.java:328)
	at java.base/sun.nio.ch.NioSocketImpl.read(NioSocketImpl.java:355)
	at java.base/sun.nio.ch.NioSocketImpl$1.read(NioSocketImpl.java:808)
	at java.base/java.net.Socket$SocketInputStream.read(Socket.java:966)
	at java.base/sun.security.ssl.SSLSocketInputRecord.read(SSLSocketInputRecord.java:484)
	at java.base/sun.security.ssl.SSLSocketInputRecord.readHeader(SSLSocketInputRecord.java:478)
	at java.base/sun.security.ssl.SSLSocketInputRecord.bytesInCompletePacket(SSLSocketInputRecord.java:70)
	at java.base/sun.security.ssl.SSLSocketImpl.readApplicationRecord(SSLSocketImpl.java:1461)
	at java.base/sun.security.ssl.SSLSocketImpl$AppInputStream.read(SSLSocketImpl.java:1065)
	at com.mongodb.internal.connection.SocketStream.read(SocketStream.java:175)
	at com.mongodb.internal.connection.SocketStream.read(SocketStream.java:200)
	at com.mongodb.internal.connection.InternalStreamConnection.receiveResponseBuffers(InternalStreamConnection.java:739)
	at com.mongodb.internal.connection.InternalStreamConnection.receiveMessageWithAdditionalTimeout(InternalStreamConnection.java:603)
	... 5 common frames omitted
2026-05-05 18:52:51 [cluster-ClusterId{value='69f9c5a6935d7d37670aeb61', description='Cluster0'}-ac-ipegaos-shard-00-02.n6xcems.mongodb.net:27017] INFO  org.mongodb.driver.cluster - Exception in monitor thread while connecting to server ac-ipegaos-shard-00-02.n6xcems.mongodb.net:27017
com.mongodb.MongoSocketReadException: Exception receiving message
	at com.mongodb.internal.connection.InternalStreamConnection.translateReadException(InternalStreamConnection.java:730)
	at com.mongodb.internal.connection.InternalStreamConnection.receiveMessageWithAdditionalTimeout(InternalStreamConnection.java:606)
	at com.mongodb.internal.connection.InternalStreamConnection.receiveCommandMessageResponse(InternalStreamConnection.java:451)
	at com.mongodb.internal.connection.InternalStreamConnection.receive(InternalStreamConnection.java:404)
	at com.mongodb.internal.connection.DefaultServerMonitor$ServerMonitorRunnable.lookupServerDescription(DefaultServerMonitor.java:221)
	at com.mongodb.internal.connection.DefaultServerMonitor$ServerMonitorRunnable.run(DefaultServerMonitor.java:153)
	at java.base/java.lang.Thread.run(Thread.java:842)
Caused by: java.net.SocketException: Connection reset
	at java.base/sun.nio.ch.NioSocketImpl.implRead(NioSocketImpl.java:328)
	at java.base/sun.nio.ch.NioSocketImpl.read(NioSocketImpl.java:355)
	at java.base/sun.nio.ch.NioSocketImpl$1.read(NioSocketImpl.java:808)
	at java.base/java.net.Socket$SocketInputStream.read(Socket.java:966)
	at java.base/sun.security.ssl.SSLSocketInputRecord.read(SSLSocketInputRecord.java:484)
	at java.base/sun.security.ssl.SSLSocketInputRecord.readHeader(SSLSocketInputRecord.java:478)
	at java.base/sun.security.ssl.SSLSocketInputRecord.bytesInCompletePacket(SSLSocketInputRecord.java:70)
	at java.base/sun.security.ssl.SSLSocketImpl.readApplicationRecord(SSLSocketImpl.java:1461)
	at java.base/sun.security.ssl.SSLSocketImpl$AppInputStream.read(SSLSocketImpl.java:1065)
	at com.mongodb.internal.connection.SocketStream.read(SocketStream.java:175)
	at com.mongodb.internal.connection.SocketStream.read(SocketStream.java:200)
	at com.mongodb.internal.connection.InternalStreamConnection.receiveResponseBuffers(InternalStreamConnection.java:739)
	at com.mongodb.internal.connection.InternalStreamConnection.receiveMessageWithAdditionalTimeout(InternalStreamConnection.java:603)
	... 5 common frames omitted
2026-05-05 18:52:51 [cluster-ClusterId{value='69f9c5a6935d7d37670aeb61', description='Cluster0'}-ac-ipegaos-shard-00-02.n6xcems.mongodb.net:27017] INFO  org.mongodb.driver.cluster - Exception in monitor thread while connecting to server ac-ipegaos-shard-00-02.n6xcems.mongodb.net:27017
com.mongodb.MongoSocketException: No such host is known (ac-ipegaos-shard-00-02.n6xcems.mongodb.net)
	at com.mongodb.ServerAddress.getSocketAddresses(ServerAddress.java:221)
	at com.mongodb.internal.connection.ServerAddressWithResolver.getSocketAddresses(ServerAddressWithResolver.java:68)
	at com.mongodb.internal.connection.SocketStream.initializeSocket(SocketStream.java:100)
	at com.mongodb.internal.connection.SocketStream.open(SocketStream.java:78)
	at com.mongodb.internal.connection.InternalStreamConnection.open(InternalStreamConnection.java:211)
	at com.mongodb.internal.connection.DefaultServerMonitor$ServerMonitorRunnable.lookupServerDescription(DefaultServerMonitor.java:193)
	at com.mongodb.internal.connection.DefaultServerMonitor$ServerMonitorRunnable.run(DefaultServerMonitor.java:153)
	at java.base/java.lang.Thread.run(Thread.java:842)
Caused by: java.net.UnknownHostException: No such host is known (ac-ipegaos-shard-00-02.n6xcems.mongodb.net)
	at java.base/java.net.Inet6AddressImpl.lookupAllHostAddr(Native Method)
	at java.base/java.net.InetAddress$PlatformNameService.lookupAllHostAddr(InetAddress.java:933)
	at java.base/java.net.InetAddress.getAddressesFromNameService(InetAddress.java:1543)
	at java.base/java.net.InetAddress$NameServiceAddresses.get(InetAddress.java:852)
	at java.base/java.net.InetAddress.getAllByName0(InetAddress.java:1532)
	at java.base/java.net.InetAddress.getAllByName(InetAddress.java:1384)
	at java.base/java.net.InetAddress.getAllByName(InetAddress.java:1305)
	at com.mongodb.ServerAddress.getSocketAddresses(ServerAddress.java:213)
	... 7 common frames omitted
2026-05-05 18:52:51 [cluster-ClusterId{value='69f9c5a6935d7d37670aeb61', description='Cluster0'}-ac-ipegaos-shard-00-00.n6xcems.mongodb.net:27017] INFO  org.mongodb.driver.cluster - Exception in monitor thread while connecting to server ac-ipegaos-shard-00-00.n6xcems.mongodb.net:27017
com.mongodb.MongoSocketException: No such host is known (ac-ipegaos-shard-00-00.n6xcems.mongodb.net)
	at com.mongodb.ServerAddress.getSocketAddresses(ServerAddress.java:221)
	at com.mongodb.internal.connection.ServerAddressWithResolver.getSocketAddresses(ServerAddressWithResolver.java:68)
	at com.mongodb.internal.connection.SocketStream.initializeSocket(SocketStream.java:100)
	at com.mongodb.internal.connection.SocketStream.open(SocketStream.java:78)
	at com.mongodb.internal.connection.InternalStreamConnection.open(InternalStreamConnection.java:211)
	at com.mongodb.internal.connection.DefaultServerMonitor$ServerMonitorRunnable.lookupServerDescription(DefaultServerMonitor.java:193)
	at com.mongodb.internal.connection.DefaultServerMonitor$ServerMonitorRunnable.run(DefaultServerMonitor.java:153)
	at java.base/java.lang.Thread.run(Thread.java:842)
Caused by: java.net.UnknownHostException: No such host is known (ac-ipegaos-shard-00-00.n6xcems.mongodb.net)
	at java.base/java.net.Inet6AddressImpl.lookupAllHostAddr(Native Method)
	at java.base/java.net.InetAddress$PlatformNameService.lookupAllHostAddr(InetAddress.java:933)
	at java.base/java.net.InetAddress.getAddressesFromNameService(InetAddress.java:1543)
	at java.base/java.net.InetAddress$NameServiceAddresses.get(InetAddress.java:852)
	at java.base/java.net.InetAddress.getAllByName0(InetAddress.java:1532)
	at java.base/java.net.InetAddress.getAllByName(InetAddress.java:1384)
	at java.base/java.net.InetAddress.getAllByName(InetAddress.java:1305)
	at com.mongodb.ServerAddress.getSocketAddresses(ServerAddress.java:213)
	... 7 common frames omitted
2026-05-05 18:52:51 [cluster-ClusterId{value='69f9c5a6935d7d37670aeb61', description='Cluster0'}-ac-ipegaos-shard-00-01.n6xcems.mongodb.net:27017] INFO  org.mongodb.driver.cluster - Exception in monitor thread while connecting to server ac-ipegaos-shard-00-01.n6xcems.mongodb.net:27017
com.mongodb.MongoSocketReadException: Exception receiving message
	at com.mongodb.internal.connection.InternalStreamConnection.translateReadException(InternalStreamConnection.java:730)
	at com.mongodb.internal.connection.InternalStreamConnection.receiveMessageWithAdditionalTimeout(InternalStreamConnection.java:606)
	at com.mongodb.internal.connection.InternalStreamConnection.receiveCommandMessageResponse(InternalStreamConnection.java:451)
	at com.mongodb.internal.connection.InternalStreamConnection.receive(InternalStreamConnection.java:404)
	at com.mongodb.internal.connection.DefaultServerMonitor$ServerMonitorRunnable.lookupServerDescription(DefaultServerMonitor.java:221)
	at com.mongodb.internal.connection.DefaultServerMonitor$ServerMonitorRunnable.run(DefaultServerMonitor.java:153)
	at java.base/java.lang.Thread.run(Thread.java:842)
Caused by: java.net.SocketException: Connection reset
	at java.base/sun.nio.ch.NioSocketImpl.implRead(NioSocketImpl.java:328)
	at java.base/sun.nio.ch.NioSocketImpl.read(NioSocketImpl.java:355)
	at java.base/sun.nio.ch.NioSocketImpl$1.read(NioSocketImpl.java:808)
	at java.base/java.net.Socket$SocketInputStream.read(Socket.java:966)
	at java.base/sun.security.ssl.SSLSocketInputRecord.read(SSLSocketInputRecord.java:484)
	at java.base/sun.security.ssl.SSLSocketInputRecord.readHeader(SSLSocketInputRecord.java:478)
	at java.base/sun.security.ssl.SSLSocketInputRecord.bytesInCompletePacket(SSLSocketInputRecord.java:70)
	at java.base/sun.security.ssl.SSLSocketImpl.readApplicationRecord(SSLSocketImpl.java:1461)
	at java.base/sun.security.ssl.SSLSocketImpl$AppInputStream.read(SSLSocketImpl.java:1065)
	at com.mongodb.internal.connection.SocketStream.read(SocketStream.java:175)
	at com.mongodb.internal.connection.SocketStream.read(SocketStream.java:200)
	at com.mongodb.internal.connection.InternalStreamConnection.receiveResponseBuffers(InternalStreamConnection.java:739)
	at com.mongodb.internal.connection.InternalStreamConnection.receiveMessageWithAdditionalTimeout(InternalStreamConnection.java:603)
	... 5 common frames omitted
2026-05-05 18:52:52 [cluster-ClusterId{value='69f9c5a6935d7d37670aeb61', description='Cluster0'}-ac-ipegaos-shard-00-01.n6xcems.mongodb.net:27017] INFO  org.mongodb.driver.cluster - Exception in monitor thread while connecting to server ac-ipegaos-shard-00-01.n6xcems.mongodb.net:27017
com.mongodb.MongoSocketException: No such host is known (ac-ipegaos-shard-00-01.n6xcems.mongodb.net)
	at com.mongodb.ServerAddress.getSocketAddresses(ServerAddress.java:221)
	at com.mongodb.internal.connection.ServerAddressWithResolver.getSocketAddresses(ServerAddressWithResolver.java:68)
	at com.mongodb.internal.connection.SocketStream.initializeSocket(SocketStream.java:100)
	at com.mongodb.internal.connection.SocketStream.open(SocketStream.java:78)
	at com.mongodb.internal.connection.InternalStreamConnection.open(InternalStreamConnection.java:211)
	at com.mongodb.internal.connection.DefaultServerMonitor$ServerMonitorRunnable.lookupServerDescription(DefaultServerMonitor.java:193)
	at com.mongodb.internal.connection.DefaultServerMonitor$ServerMonitorRunnable.run(DefaultServerMonitor.java:153)
	at java.base/java.lang.Thread.run(Thread.java:842)
Caused by: java.net.UnknownHostException: No such host is known (ac-ipegaos-shard-00-01.n6xcems.mongodb.net)
	at java.base/java.net.Inet6AddressImpl.lookupAllHostAddr(Native Method)
	at java.base/java.net.InetAddress$PlatformNameService.lookupAllHostAddr(InetAddress.java:933)
	at java.base/java.net.InetAddress.getAddressesFromNameService(InetAddress.java:1543)
	at java.base/java.net.InetAddress$NameServiceAddresses.get(InetAddress.java:852)
	at java.base/java.net.InetAddress.getAllByName0(InetAddress.java:1532)
	at java.base/java.net.InetAddress.getAllByName(InetAddress.java:1384)
	at java.base/java.net.InetAddress.getAllByName(InetAddress.java:1305)
	at com.mongodb.ServerAddress.getSocketAddresses(ServerAddress.java:213)
	... 7 common frames omitted
2026-05-05 19:08:48 [cluster-ClusterId{value='69f9c5a6935d7d37670aeb61', description='Cluster0'}-ac-ipegaos-shard-00-02.n6xcems.mongodb.net:27017] INFO  org.mongodb.driver.cluster - Exception in monitor thread while connecting to server ac-ipegaos-shard-00-02.n6xcems.mongodb.net:27017
com.mongodb.MongoSocketOpenException: Exception opening socket
	at com.mongodb.internal.connection.SocketStream.lambda$open$0(SocketStream.java:84)
	at java.base/java.util.Optional.orElseThrow(Optional.java:403)
	at com.mongodb.internal.connection.SocketStream.open(SocketStream.java:84)
	at com.mongodb.internal.connection.InternalStreamConnection.open(InternalStreamConnection.java:211)
	at com.mongodb.internal.connection.DefaultServerMonitor$ServerMonitorRunnable.lookupServerDescription(DefaultServerMonitor.java:193)
	at com.mongodb.internal.connection.DefaultServerMonitor$ServerMonitorRunnable.run(DefaultServerMonitor.java:153)
	at java.base/java.lang.Thread.run(Thread.java:842)
Caused by: java.net.SocketException: Permission denied: no further information
	at java.base/sun.nio.ch.Net.pollConnect(Native Method)
	at java.base/sun.nio.ch.Net.pollConnectNow(Net.java:672)
	at java.base/sun.nio.ch.NioSocketImpl.timedFinishConnect(NioSocketImpl.java:547)
	at java.base/sun.nio.ch.NioSocketImpl.connect(NioSocketImpl.java:602)
	at java.base/java.net.SocksSocketImpl.connect(SocksSocketImpl.java:327)
	at java.base/java.net.Socket.connect(Socket.java:633)
	at java.base/sun.security.ssl.SSLSocketImpl.connect(SSLSocketImpl.java:304)
	at com.mongodb.internal.connection.SocketStreamHelper.initialize(SocketStreamHelper.java:76)
	at com.mongodb.internal.connection.SocketStream.initializeSocket(SocketStream.java:104)
	at com.mongodb.internal.connection.SocketStream.open(SocketStream.java:78)
	... 4 common frames omitted
2026-05-05 19:08:48 [cluster-ClusterId{value='69f9c5a6935d7d37670aeb61', description='Cluster0'}-ac-ipegaos-shard-00-00.n6xcems.mongodb.net:27017] INFO  org.mongodb.driver.cluster - Exception in monitor thread while connecting to server ac-ipegaos-shard-00-00.n6xcems.mongodb.net:27017
com.mongodb.MongoSocketOpenException: Exception opening socket
	at com.mongodb.internal.connection.SocketStream.lambda$open$0(SocketStream.java:84)
	at java.base/java.util.Optional.orElseThrow(Optional.java:403)
	at com.mongodb.internal.connection.SocketStream.open(SocketStream.java:84)
	at com.mongodb.internal.connection.InternalStreamConnection.open(InternalStreamConnection.java:211)
	at com.mongodb.internal.connection.DefaultServerMonitor$ServerMonitorRunnable.lookupServerDescription(DefaultServerMonitor.java:193)
	at com.mongodb.internal.connection.DefaultServerMonitor$ServerMonitorRunnable.run(DefaultServerMonitor.java:153)
	at java.base/java.lang.Thread.run(Thread.java:842)
Caused by: java.net.SocketException: Permission denied: no further information
	at java.base/sun.nio.ch.Net.pollConnect(Native Method)
	at java.base/sun.nio.ch.Net.pollConnectNow(Net.java:672)
	at java.base/sun.nio.ch.NioSocketImpl.timedFinishConnect(NioSocketImpl.java:547)
	at java.base/sun.nio.ch.NioSocketImpl.connect(NioSocketImpl.java:602)
	at java.base/java.net.SocksSocketImpl.connect(SocksSocketImpl.java:327)
	at java.base/java.net.Socket.connect(Socket.java:633)
	at java.base/sun.security.ssl.SSLSocketImpl.connect(SSLSocketImpl.java:304)
	at com.mongodb.internal.connection.SocketStreamHelper.initialize(SocketStreamHelper.java:76)
	at com.mongodb.internal.connection.SocketStream.initializeSocket(SocketStream.java:104)
	at com.mongodb.internal.connection.SocketStream.open(SocketStream.java:78)
	... 4 common frames omitted
2026-05-05 19:08:50 [cluster-ClusterId{value='69f9c5a6935d7d37670aeb61', description='Cluster0'}-ac-ipegaos-shard-00-01.n6xcems.mongodb.net:27017] INFO  org.mongodb.driver.cluster - Exception in monitor thread while connecting to server ac-ipegaos-shard-00-01.n6xcems.mongodb.net:27017
com.mongodb.MongoSocketOpenException: Exception opening socket
	at com.mongodb.internal.connection.SocketStream.lambda$open$0(SocketStream.java:84)
	at java.base/java.util.Optional.orElseThrow(Optional.java:403)
	at com.mongodb.internal.connection.SocketStream.open(SocketStream.java:84)
	at com.mongodb.internal.connection.InternalStreamConnection.open(InternalStreamConnection.java:211)
	at com.mongodb.internal.connection.DefaultServerMonitor$ServerMonitorRunnable.lookupServerDescription(DefaultServerMonitor.java:193)
	at com.mongodb.internal.connection.DefaultServerMonitor$ServerMonitorRunnable.run(DefaultServerMonitor.java:153)
	at java.base/java.lang.Thread.run(Thread.java:842)
Caused by: java.net.SocketException: Permission denied: no further information
	at java.base/sun.nio.ch.Net.pollConnect(Native Method)
	at java.base/sun.nio.ch.Net.pollConnectNow(Net.java:672)
	at java.base/sun.nio.ch.NioSocketImpl.timedFinishConnect(NioSocketImpl.java:547)
	at java.base/sun.nio.ch.NioSocketImpl.connect(NioSocketImpl.java:602)
	at java.base/java.net.SocksSocketImpl.connect(SocksSocketImpl.java:327)
	at java.base/java.net.Socket.connect(Socket.java:633)
	at java.base/sun.security.ssl.SSLSocketImpl.connect(SSLSocketImpl.java:304)
	at com.mongodb.internal.connection.SocketStreamHelper.initialize(SocketStreamHelper.java:76)
	at com.mongodb.internal.connection.SocketStream.initializeSocket(SocketStream.java:104)
	at com.mongodb.internal.connection.SocketStream.open(SocketStream.java:78)
	... 4 common frames omitted
2026-05-05 19:09:00 [cluster-ClusterId{value='69f9c5a6935d7d37670aeb61', description='Cluster0'}-ac-ipegaos-shard-00-01.n6xcems.mongodb.net:27017] INFO  org.mongodb.driver.cluster - Monitor thread successfully connected to server with description ServerDescription{address=ac-ipegaos-shard-00-01.n6xcems.mongodb.net:27017, type=REPLICA_SET_SECONDARY, state=CONNECTED, ok=true, minWireVersion=0, maxWireVersion=25, maxDocumentSize=16777216, logicalSessionTimeoutMinutes=30, roundTripTimeNanos=498446801, setName='atlas-12ucmv-shard-0', canonicalAddress=ac-ipegaos-shard-00-01.n6xcems.mongodb.net:27017, hosts=[ac-ipegaos-shard-00-00.n6xcems.mongodb.net:27017, ac-ipegaos-shard-00-02.n6xcems.mongodb.net:27017, ac-ipegaos-shard-00-01.n6xcems.mongodb.net:27017], passives=[], arbiters=[], primary='ac-ipegaos-shard-00-02.n6xcems.mongodb.net:27017', tagSet=TagSet{[Tag{name='availabilityZone', value='aps1-az3'}, Tag{name='cacheState', value='READY'}, Tag{name='diskState', value='READY'}, Tag{name='nodeType', value='ELECTABLE'}, Tag{name='provider', value='AWS'}, Tag{name='region', value='AP_SOUTH_1'}, Tag{name='workloadType', value='OPERATIONAL'}]}, electionId=null, setVersion=59, topologyVersion=TopologyVersion{processId=69f3ad64c76752dcd71912a2, counter=3}, lastWriteDate=Tue May 05 19:09:00 IST 2026, lastUpdateTimeNanos=33092599641200}
2026-05-05 19:09:09 [cluster-ClusterId{value='69f9c5a6935d7d37670aeb61', description='Cluster0'}-ac-ipegaos-shard-00-02.n6xcems.mongodb.net:27017] INFO  org.mongodb.driver.cluster - Monitor thread successfully connected to server with description ServerDescription{address=ac-ipegaos-shard-00-02.n6xcems.mongodb.net:27017, type=REPLICA_SET_PRIMARY, state=CONNECTED, ok=true, minWireVersion=0, maxWireVersion=25, maxDocumentSize=16777216, logicalSessionTimeoutMinutes=30, roundTripTimeNanos=250946500, setName='atlas-12ucmv-shard-0', canonicalAddress=ac-ipegaos-shard-00-02.n6xcems.mongodb.net:27017, hosts=[ac-ipegaos-shard-00-00.n6xcems.mongodb.net:27017, ac-ipegaos-shard-00-02.n6xcems.mongodb.net:27017, ac-ipegaos-shard-00-01.n6xcems.mongodb.net:27017], passives=[], arbiters=[], primary='ac-ipegaos-shard-00-02.n6xcems.mongodb.net:27017', tagSet=TagSet{[Tag{name='availabilityZone', value='aps1-az2'}, Tag{name='cacheState', value='READY'}, Tag{name='diskState', value='READY'}, Tag{name='nodeType', value='ELECTABLE'}, Tag{name='provider', value='AWS'}, Tag{name='region', value='AP_SOUTH_1'}, Tag{name='workloadType', value='OPERATIONAL'}]}, electionId=7fffffff00000000000000de, setVersion=59, topologyVersion=TopologyVersion{processId=69f3aaf9f53630c5bd712865, counter=6}, lastWriteDate=Tue May 05 19:09:08 IST 2026, lastUpdateTimeNanos=33100934246999}
2026-05-05 19:09:09 [cluster-ClusterId{value='69f9c5a6935d7d37670aeb61', description='Cluster0'}-ac-ipegaos-shard-00-02.n6xcems.mongodb.net:27017] INFO  org.mongodb.driver.cluster - Discovered replica set primary ac-ipegaos-shard-00-02.n6xcems.mongodb.net:27017 with max election id 7fffffff00000000000000de and max set version 59
2026-05-05 19:09:09 [cluster-ClusterId{value='69f9c5a6935d7d37670aeb61', description='Cluster0'}-ac-ipegaos-shard-00-00.n6xcems.mongodb.net:27017] INFO  org.mongodb.driver.cluster - Monitor thread successfully connected to server with description ServerDescription{address=ac-ipegaos-shard-00-00.n6xcems.mongodb.net:27017, type=REPLICA_SET_SECONDARY, state=CONNECTED, ok=true, minWireVersion=0, maxWireVersion=25, maxDocumentSize=16777216, logicalSessionTimeoutMinutes=30, roundTripTimeNanos=152616601, setName='atlas-12ucmv-shard-0', canonicalAddress=ac-ipegaos-shard-00-00.n6xcems.mongodb.net:27017, hosts=[ac-ipegaos-shard-00-00.n6xcems.mongodb.net:27017, ac-ipegaos-shard-00-02.n6xcems.mongodb.net:27017, ac-ipegaos-shard-00-01.n6xcems.mongodb.net:27017], passives=[], arbiters=[], primary='ac-ipegaos-shard-00-02.n6xcems.mongodb.net:27017', tagSet=TagSet{[Tag{name='availabilityZone', value='aps1-az1'}, Tag{name='cacheState', value='READY'}, Tag{name='diskState', value='READY'}, Tag{name='nodeType', value='ELECTABLE'}, Tag{name='provider', value='AWS'}, Tag{name='region', value='AP_SOUTH_1'}, Tag{name='workloadType', value='OPERATIONAL'}]}, electionId=null, setVersion=59, topologyVersion=TopologyVersion{processId=69f3a905134fe1d7a24e0f42, counter=4}, lastWriteDate=Tue May 05 19:09:08 IST 2026, lastUpdateTimeNanos=33100947530600}
2026-05-05 19:09:32 [cluster-ClusterId{value='69f9c5a6935d7d37670aeb61', description='Cluster0'}-ac-ipegaos-shard-00-02.n6xcems.mongodb.net:27017] INFO  org.mongodb.driver.cluster - Exception in monitor thread while connecting to server ac-ipegaos-shard-00-02.n6xcems.mongodb.net:27017
com.mongodb.MongoSocketReadException: Exception receiving message
	at com.mongodb.internal.connection.InternalStreamConnection.translateReadException(InternalStreamConnection.java:730)
	at com.mongodb.internal.connection.InternalStreamConnection.receiveMessageWithAdditionalTimeout(InternalStreamConnection.java:606)
	at com.mongodb.internal.connection.InternalStreamConnection.receiveCommandMessageResponse(InternalStreamConnection.java:451)
	at com.mongodb.internal.connection.InternalStreamConnection.receive(InternalStreamConnection.java:404)
	at com.mongodb.internal.connection.DefaultServerMonitor$ServerMonitorRunnable.lookupServerDescription(DefaultServerMonitor.java:221)
	at com.mongodb.internal.connection.DefaultServerMonitor$ServerMonitorRunnable.run(DefaultServerMonitor.java:153)
	at java.base/java.lang.Thread.run(Thread.java:842)
Caused by: java.net.SocketException: Connection reset
	at java.base/sun.nio.ch.NioSocketImpl.implRead(NioSocketImpl.java:328)
	at java.base/sun.nio.ch.NioSocketImpl.read(NioSocketImpl.java:355)
	at java.base/sun.nio.ch.NioSocketImpl$1.read(NioSocketImpl.java:808)
	at java.base/java.net.Socket$SocketInputStream.read(Socket.java:966)
	at java.base/sun.security.ssl.SSLSocketInputRecord.read(SSLSocketInputRecord.java:484)
	at java.base/sun.security.ssl.SSLSocketInputRecord.readHeader(SSLSocketInputRecord.java:478)
	at java.base/sun.security.ssl.SSLSocketInputRecord.bytesInCompletePacket(SSLSocketInputRecord.java:70)
	at java.base/sun.security.ssl.SSLSocketImpl.readApplicationRecord(SSLSocketImpl.java:1461)
	at java.base/sun.security.ssl.SSLSocketImpl$AppInputStream.read(SSLSocketImpl.java:1065)
	at com.mongodb.internal.connection.SocketStream.read(SocketStream.java:175)
	at com.mongodb.internal.connection.SocketStream.read(SocketStream.java:200)
	at com.mongodb.internal.connection.InternalStreamConnection.receiveResponseBuffers(InternalStreamConnection.java:739)
	at com.mongodb.internal.connection.InternalStreamConnection.receiveMessageWithAdditionalTimeout(InternalStreamConnection.java:603)
	... 5 common frames omitted
2026-05-05 19:09:32 [cluster-ClusterId{value='69f9c5a6935d7d37670aeb61', description='Cluster0'}-ac-ipegaos-shard-00-00.n6xcems.mongodb.net:27017] INFO  org.mongodb.driver.cluster - Exception in monitor thread while connecting to server ac-ipegaos-shard-00-00.n6xcems.mongodb.net:27017
com.mongodb.MongoSocketReadException: Exception receiving message
	at com.mongodb.internal.connection.InternalStreamConnection.translateReadException(InternalStreamConnection.java:730)
	at com.mongodb.internal.connection.InternalStreamConnection.receiveMessageWithAdditionalTimeout(InternalStreamConnection.java:606)
	at com.mongodb.internal.connection.InternalStreamConnection.receiveCommandMessageResponse(InternalStreamConnection.java:451)
	at com.mongodb.internal.connection.InternalStreamConnection.receive(InternalStreamConnection.java:404)
	at com.mongodb.internal.connection.DefaultServerMonitor$ServerMonitorRunnable.lookupServerDescription(DefaultServerMonitor.java:221)
	at com.mongodb.internal.connection.DefaultServerMonitor$ServerMonitorRunnable.run(DefaultServerMonitor.java:153)
	at java.base/java.lang.Thread.run(Thread.java:842)
Caused by: java.net.SocketException: Connection reset
	at java.base/sun.nio.ch.NioSocketImpl.implRead(NioSocketImpl.java:328)
	at java.base/sun.nio.ch.NioSocketImpl.read(NioSocketImpl.java:355)
	at java.base/sun.nio.ch.NioSocketImpl$1.read(NioSocketImpl.java:808)
	at java.base/java.net.Socket$SocketInputStream.read(Socket.java:966)
	at java.base/sun.security.ssl.SSLSocketInputRecord.read(SSLSocketInputRecord.java:484)
	at java.base/sun.security.ssl.SSLSocketInputRecord.readHeader(SSLSocketInputRecord.java:478)
	at java.base/sun.security.ssl.SSLSocketInputRecord.bytesInCompletePacket(SSLSocketInputRecord.java:70)
	at java.base/sun.security.ssl.SSLSocketImpl.readApplicationRecord(SSLSocketImpl.java:1461)
	at java.base/sun.security.ssl.SSLSocketImpl$AppInputStream.read(SSLSocketImpl.java:1065)
	at com.mongodb.internal.connection.SocketStream.read(SocketStream.java:175)
	at com.mongodb.internal.connection.SocketStream.read(SocketStream.java:200)
	at com.mongodb.internal.connection.InternalStreamConnection.receiveResponseBuffers(InternalStreamConnection.java:739)
	at com.mongodb.internal.connection.InternalStreamConnection.receiveMessageWithAdditionalTimeout(InternalStreamConnection.java:603)
	... 5 common frames omitted
2026-05-05 19:09:32 [cluster-ClusterId{value='69f9c5a6935d7d37670aeb61', description='Cluster0'}-ac-ipegaos-shard-00-01.n6xcems.mongodb.net:27017] INFO  org.mongodb.driver.cluster - Exception in monitor thread while connecting to server ac-ipegaos-shard-00-01.n6xcems.mongodb.net:27017
com.mongodb.MongoSocketReadException: Exception receiving message
	at com.mongodb.internal.connection.InternalStreamConnection.translateReadException(InternalStreamConnection.java:730)
	at com.mongodb.internal.connection.InternalStreamConnection.receiveMessageWithAdditionalTimeout(InternalStreamConnection.java:606)
	at com.mongodb.internal.connection.InternalStreamConnection.receiveCommandMessageResponse(InternalStreamConnection.java:451)
	at com.mongodb.internal.connection.InternalStreamConnection.receive(InternalStreamConnection.java:404)
	at com.mongodb.internal.connection.DefaultServerMonitor$ServerMonitorRunnable.lookupServerDescription(DefaultServerMonitor.java:221)
	at com.mongodb.internal.connection.DefaultServerMonitor$ServerMonitorRunnable.run(DefaultServerMonitor.java:153)
	at java.base/java.lang.Thread.run(Thread.java:842)
Caused by: java.net.SocketException: Connection reset
	at java.base/sun.nio.ch.NioSocketImpl.implRead(NioSocketImpl.java:328)
	at java.base/sun.nio.ch.NioSocketImpl.read(NioSocketImpl.java:355)
	at java.base/sun.nio.ch.NioSocketImpl$1.read(NioSocketImpl.java:808)
	at java.base/java.net.Socket$SocketInputStream.read(Socket.java:966)
	at java.base/sun.security.ssl.SSLSocketInputRecord.read(SSLSocketInputRecord.java:484)
	at java.base/sun.security.ssl.SSLSocketInputRecord.readHeader(SSLSocketInputRecord.java:478)
	at java.base/sun.security.ssl.SSLSocketInputRecord.bytesInCompletePacket(SSLSocketInputRecord.java:70)
	at java.base/sun.security.ssl.SSLSocketImpl.readApplicationRecord(SSLSocketImpl.java:1461)
	at java.base/sun.security.ssl.SSLSocketImpl$AppInputStream.read(SSLSocketImpl.java:1065)
	at com.mongodb.internal.connection.SocketStream.read(SocketStream.java:175)
	at com.mongodb.internal.connection.SocketStream.read(SocketStream.java:200)
	at com.mongodb.internal.connection.InternalStreamConnection.receiveResponseBuffers(InternalStreamConnection.java:739)
	at com.mongodb.internal.connection.InternalStreamConnection.receiveMessageWithAdditionalTimeout(InternalStreamConnection.java:603)
	... 5 common frames omitted
2026-05-05 19:09:33 [cluster-ClusterId{value='69f9c5a6935d7d37670aeb61', description='Cluster0'}-ac-ipegaos-shard-00-02.n6xcems.mongodb.net:27017] INFO  org.mongodb.driver.cluster - Monitor thread successfully connected to server with description ServerDescription{address=ac-ipegaos-shard-00-02.n6xcems.mongodb.net:27017, type=REPLICA_SET_PRIMARY, state=CONNECTED, ok=true, minWireVersion=0, maxWireVersion=25, maxDocumentSize=16777216, logicalSessionTimeoutMinutes=30, roundTripTimeNanos=183619599, setName='atlas-12ucmv-shard-0', canonicalAddress=ac-ipegaos-shard-00-02.n6xcems.mongodb.net:27017, hosts=[ac-ipegaos-shard-00-00.n6xcems.mongodb.net:27017, ac-ipegaos-shard-00-02.n6xcems.mongodb.net:27017, ac-ipegaos-shard-00-01.n6xcems.mongodb.net:27017], passives=[], arbiters=[], primary='ac-ipegaos-shard-00-02.n6xcems.mongodb.net:27017', tagSet=TagSet{[Tag{name='availabilityZone', value='aps1-az2'}, Tag{name='cacheState', value='READY'}, Tag{name='diskState', value='READY'}, Tag{name='nodeType', value='ELECTABLE'}, Tag{name='provider', value='AWS'}, Tag{name='region', value='AP_SOUTH_1'}, Tag{name='workloadType', value='OPERATIONAL'}]}, electionId=7fffffff00000000000000de, setVersion=59, topologyVersion=TopologyVersion{processId=69f3aaf9f53630c5bd712865, counter=6}, lastWriteDate=Tue May 05 19:09:32 IST 2026, lastUpdateTimeNanos=33124867383700}
2026-05-05 19:09:33 [cluster-ClusterId{value='69f9c5a6935d7d37670aeb61', description='Cluster0'}-ac-ipegaos-shard-00-02.n6xcems.mongodb.net:27017] INFO  org.mongodb.driver.cluster - Discovered replica set primary ac-ipegaos-shard-00-02.n6xcems.mongodb.net:27017 with max election id 7fffffff00000000000000de and max set version 59
2026-05-05 19:09:34 [cluster-ClusterId{value='69f9c5a6935d7d37670aeb61', description='Cluster0'}-ac-ipegaos-shard-00-01.n6xcems.mongodb.net:27017] INFO  org.mongodb.driver.cluster - Monitor thread successfully connected to server with description ServerDescription{address=ac-ipegaos-shard-00-01.n6xcems.mongodb.net:27017, type=REPLICA_SET_SECONDARY, state=CONNECTED, ok=true, minWireVersion=0, maxWireVersion=25, maxDocumentSize=16777216, logicalSessionTimeoutMinutes=30, roundTripTimeNanos=130366700, setName='atlas-12ucmv-shard-0', canonicalAddress=ac-ipegaos-shard-00-01.n6xcems.mongodb.net:27017, hosts=[ac-ipegaos-shard-00-00.n6xcems.mongodb.net:27017, ac-ipegaos-shard-00-02.n6xcems.mongodb.net:27017, ac-ipegaos-shard-00-01.n6xcems.mongodb.net:27017], passives=[], arbiters=[], primary='ac-ipegaos-shard-00-02.n6xcems.mongodb.net:27017', tagSet=TagSet{[Tag{name='availabilityZone', value='aps1-az3'}, Tag{name='cacheState', value='READY'}, Tag{name='diskState', value='READY'}, Tag{name='nodeType', value='ELECTABLE'}, Tag{name='provider', value='AWS'}, Tag{name='region', value='AP_SOUTH_1'}, Tag{name='workloadType', value='OPERATIONAL'}]}, electionId=null, setVersion=59, topologyVersion=TopologyVersion{processId=69f3ad64c76752dcd71912a2, counter=3}, lastWriteDate=Tue May 05 19:09:33 IST 2026, lastUpdateTimeNanos=33126061464000}
2026-05-05 19:09:35 [cluster-ClusterId{value='69f9c5a6935d7d37670aeb61', description='Cluster0'}-ac-ipegaos-shard-00-00.n6xcems.mongodb.net:27017] INFO  org.mongodb.driver.cluster - Monitor thread successfully connected to server with description ServerDescription{address=ac-ipegaos-shard-00-00.n6xcems.mongodb.net:27017, type=REPLICA_SET_SECONDARY, state=CONNECTED, ok=true, minWireVersion=0, maxWireVersion=25, maxDocumentSize=16777216, logicalSessionTimeoutMinutes=30, roundTripTimeNanos=125685600, setName='atlas-12ucmv-shard-0', canonicalAddress=ac-ipegaos-shard-00-00.n6xcems.mongodb.net:27017, hosts=[ac-ipegaos-shard-00-00.n6xcems.mongodb.net:27017, ac-ipegaos-shard-00-02.n6xcems.mongodb.net:27017, ac-ipegaos-shard-00-01.n6xcems.mongodb.net:27017], passives=[], arbiters=[], primary='ac-ipegaos-shard-00-02.n6xcems.mongodb.net:27017', tagSet=TagSet{[Tag{name='availabilityZone', value='aps1-az1'}, Tag{name='cacheState', value='READY'}, Tag{name='diskState', value='READY'}, Tag{name='nodeType', value='ELECTABLE'}, Tag{name='provider', value='AWS'}, Tag{name='region', value='AP_SOUTH_1'}, Tag{name='workloadType', value='OPERATIONAL'}]}, electionId=null, setVersion=59, topologyVersion=TopologyVersion{processId=69f3a905134fe1d7a24e0f42, counter=4}, lastWriteDate=Tue May 05 19:09:35 IST 2026, lastUpdateTimeNanos=33127554210100}
