2026-05-03 20:37:15 [background-preinit] INFO  o.h.validator.internal.util.Version - HV000001: Hibernate Validator 8.0.1.Final
2026-05-03 20:37:15 [main] INFO  com.sentinel.SentinelApplication - Starting SentinelApplication using Java 17.0.12 with PID 22500 (A:\Projects\Santinel\backend\target\classes started by Ajay in A:\Projects\Santinel\backend)
2026-05-03 20:37:15 [main] INFO  com.sentinel.SentinelApplication - No active profile set, falling back to 1 default profile: "default"
2026-05-03 20:37:16 [main] INFO  o.s.d.r.c.RepositoryConfigurationDelegate - Bootstrapping Spring Data MongoDB repositories in DEFAULT mode.
2026-05-03 20:37:16 [main] INFO  o.s.d.r.c.RepositoryConfigurationDelegate - Finished Spring Data repository scanning in 214 ms. Found 3 MongoDB repository interfaces.
2026-05-03 20:37:17 [main] INFO  o.s.b.w.e.tomcat.TomcatWebServer - Tomcat initialized with port 5500 (http)
2026-05-03 20:37:17 [main] INFO  o.a.coyote.http11.Http11NioProtocol - Initializing ProtocolHandler ["http-nio-5500"]
2026-05-03 20:37:17 [main] INFO  o.a.catalina.core.StandardService - Starting service [Tomcat]
2026-05-03 20:37:17 [main] INFO  o.a.catalina.core.StandardEngine - Starting Servlet engine: [Apache Tomcat/10.1.20]
2026-05-03 20:37:17 [main] INFO  o.a.c.c.C.[Tomcat].[localhost].[/] - Initializing Spring embedded WebApplicationContext
2026-05-03 20:37:17 [main] INFO  o.s.b.w.s.c.ServletWebServerApplicationContext - Root WebApplicationContext: initialization completed in 2153 ms
2026-05-03 20:37:18 [main] INFO  org.mongodb.driver.cluster - Adding discovered server ac-ipegaos-shard-00-00.n6xcems.mongodb.net:27017 to client view of cluster
2026-05-03 20:37:18 [main] INFO  org.mongodb.driver.cluster - Adding discovered server ac-ipegaos-shard-00-01.n6xcems.mongodb.net:27017 to client view of cluster
2026-05-03 20:37:18 [main] INFO  org.mongodb.driver.cluster - Adding discovered server ac-ipegaos-shard-00-02.n6xcems.mongodb.net:27017 to client view of cluster
2026-05-03 20:37:18 [main] INFO  org.mongodb.driver.client - MongoClient with metadata {"application": {"name": "Cluster0"}, "driver": {"name": "mongo-java-driver|sync|spring-boot", "version": "4.11.2"}, "os": {"type": "Windows", "name": "Windows 11", "architecture": "amd64", "version": "10.0"}, "platform": "Java/Oracle Corporation/17.0.12+8-LTS-286"} created with settings MongoClientSettings{readPreference=primary, writeConcern=WriteConcern{w=null, wTimeout=null ms, journal=null}, retryWrites=true, retryReads=true, readConcern=ReadConcern{level=null}, credential=MongoCredential{mechanism=null, userName='admin', source='admin', password=<hidden>, mechanismProperties=<hidden>}, transportSettings=null, streamFactoryFactory=null, commandListeners=[], codecRegistry=ProvidersCodecRegistry{codecProviders=[ValueCodecProvider{}, BsonValueCodecProvider{}, DBRefCodecProvider{}, DBObjectCodecProvider{}, DocumentCodecProvider{}, CollectionCodecProvider{}, IterableCodecProvider{}, MapCodecProvider{}, GeoJsonCodecProvider{}, GridFSFileCodecProvider{}, Jsr310CodecProvider{}, JsonObjectCodecProvider{}, BsonCodecProvider{}, EnumCodecProvider{}, com.mongodb.client.model.mql.ExpressionCodecProvider@5e50df2e, com.mongodb.Jep395RecordCodecProvider@100aa331, com.mongodb.KotlinCodecProvider@c2cf597]}, loggerSettings=LoggerSettings{maxDocumentLength=1000}, clusterSettings={hosts=[ac-ipegaos-shard-00-00.n6xcems.mongodb.net:27017, ac-ipegaos-shard-00-01.n6xcems.mongodb.net:27017, ac-ipegaos-shard-00-02.n6xcems.mongodb.net:27017], srvServiceName=mongodb, mode=MULTIPLE, requiredClusterType=REPLICA_SET, requiredReplicaSetName='atlas-12ucmv-shard-0', serverSelector='null', clusterListeners='[]', serverSelectionTimeout='30000 ms', localThreshold='15 ms'}, socketSettings=SocketSettings{connectTimeoutMS=10000, readTimeoutMS=0, receiveBufferSize=0, proxySettings=ProxySettings{host=null, port=null, username=null, password=null}}, heartbeatSocketSettings=SocketSettings{connectTimeoutMS=10000, readTimeoutMS=10000, receiveBufferSize=0, proxySettings=ProxySettings{host=null, port=null, username=null, password=null}}, connectionPoolSettings=ConnectionPoolSettings{maxSize=100, minSize=0, maxWaitTimeMS=120000, maxConnectionLifeTimeMS=0, maxConnectionIdleTimeMS=0, maintenanceInitialDelayMS=0, maintenanceFrequencyMS=60000, connectionPoolListeners=[], maxConnecting=2}, serverSettings=ServerSettings{heartbeatFrequencyMS=10000, minHeartbeatFrequencyMS=500, serverListeners='[]', serverMonitorListeners='[]'}, sslSettings=SslSettings{enabled=true, invalidHostNameAllowed=false, context=null}, applicationName='Cluster0', compressorList=[], uuidRepresentation=JAVA_LEGACY, serverApi=null, autoEncryptionSettings=null, dnsClient=null, inetAddressResolver=null, contextProvider=null}
2026-05-03 20:37:19 [main] WARN  o.s.b.a.s.s.UserDetailsServiceAutoConfiguration - 

Using generated security password: 83e0fd07-994e-4bbd-8f36-7c433a2d2056

This generated password is for development use only. Your security configuration must be updated before running your application in production.

2026-05-03 20:37:19 [main] INFO  o.s.s.web.DefaultSecurityFilterChain - Will secure any request with [org.springframework.security.web.session.DisableEncodeUrlFilter@6df37f7a, org.springframework.security.web.context.request.async.WebAsyncManagerIntegrationFilter@39514976, org.springframework.security.web.context.SecurityContextHolderFilter@ccd000e, org.springframework.security.web.header.HeaderWriterFilter@67a6a2d0, org.springframework.web.filter.CorsFilter@7bdb4f17, org.springframework.security.web.authentication.logout.LogoutFilter@37f71c05, com.sentinel.security.JwtTokenFilter@77856cc5, org.springframework.security.web.savedrequest.RequestCacheAwareFilter@d7055be, org.springframework.security.web.servletapi.SecurityContextHolderAwareRequestFilter@768f4b42, org.springframework.security.web.authentication.AnonymousAuthenticationFilter@1fbd5e0, org.springframework.security.web.session.SessionManagementFilter@22ae32ba, org.springframework.security.web.access.ExceptionTranslationFilter@1c8f71a7, org.springframework.security.web.access.intercept.AuthorizationFilter@39dda56f]
2026-05-03 20:37:19 [cluster-ClusterId{value='69f764a6d5b4cb10c46c383d', description='Cluster0'}-ac-ipegaos-shard-00-02.n6xcems.mongodb.net:27017] INFO  org.mongodb.driver.cluster - Monitor thread successfully connected to server with description ServerDescription{address=ac-ipegaos-shard-00-02.n6xcems.mongodb.net:27017, type=REPLICA_SET_PRIMARY, state=CONNECTED, ok=true, minWireVersion=0, maxWireVersion=25, maxDocumentSize=16777216, logicalSessionTimeoutMinutes=30, roundTripTimeNanos=378451600, setName='atlas-12ucmv-shard-0', canonicalAddress=ac-ipegaos-shard-00-02.n6xcems.mongodb.net:27017, hosts=[ac-ipegaos-shard-00-00.n6xcems.mongodb.net:27017, ac-ipegaos-shard-00-02.n6xcems.mongodb.net:27017, ac-ipegaos-shard-00-01.n6xcems.mongodb.net:27017], passives=[], arbiters=[], primary='ac-ipegaos-shard-00-02.n6xcems.mongodb.net:27017', tagSet=TagSet{[Tag{name='availabilityZone', value='aps1-az2'}, Tag{name='cacheState', value='READY'}, Tag{name='diskState', value='READY'}, Tag{name='nodeType', value='ELECTABLE'}, Tag{name='provider', value='AWS'}, Tag{name='region', value='AP_SOUTH_1'}, Tag{name='workloadType', value='OPERATIONAL'}]}, electionId=7fffffff00000000000000de, setVersion=59, topologyVersion=TopologyVersion{processId=69f3aaf9f53630c5bd712865, counter=6}, lastWriteDate=Sun May 03 20:37:20 IST 2026, lastUpdateTimeNanos=12402348652100}
2026-05-03 20:37:19 [cluster-ClusterId{value='69f764a6d5b4cb10c46c383d', description='Cluster0'}-ac-ipegaos-shard-00-00.n6xcems.mongodb.net:27017] INFO  org.mongodb.driver.cluster - Monitor thread successfully connected to server with description ServerDescription{address=ac-ipegaos-shard-00-00.n6xcems.mongodb.net:27017, type=REPLICA_SET_SECONDARY, state=CONNECTED, ok=true, minWireVersion=0, maxWireVersion=25, maxDocumentSize=16777216, logicalSessionTimeoutMinutes=30, roundTripTimeNanos=378414500, setName='atlas-12ucmv-shard-0', canonicalAddress=ac-ipegaos-shard-00-00.n6xcems.mongodb.net:27017, hosts=[ac-ipegaos-shard-00-00.n6xcems.mongodb.net:27017, ac-ipegaos-shard-00-02.n6xcems.mongodb.net:27017, ac-ipegaos-shard-00-01.n6xcems.mongodb.net:27017], passives=[], arbiters=[], primary='ac-ipegaos-shard-00-02.n6xcems.mongodb.net:27017', tagSet=TagSet{[Tag{name='availabilityZone', value='aps1-az1'}, Tag{name='cacheState', value='READY'}, Tag{name='diskState', value='READY'}, Tag{name='nodeType', value='ELECTABLE'}, Tag{name='provider', value='AWS'}, Tag{name='region', value='AP_SOUTH_1'}, Tag{name='workloadType', value='OPERATIONAL'}]}, electionId=null, setVersion=59, topologyVersion=TopologyVersion{processId=69f3a905134fe1d7a24e0f42, counter=4}, lastWriteDate=Sun May 03 20:37:20 IST 2026, lastUpdateTimeNanos=12402348652300}
2026-05-03 20:37:19 [cluster-ClusterId{value='69f764a6d5b4cb10c46c383d', description='Cluster0'}-ac-ipegaos-shard-00-02.n6xcems.mongodb.net:27017] INFO  org.mongodb.driver.cluster - Discovered replica set primary ac-ipegaos-shard-00-02.n6xcems.mongodb.net:27017 with max election id 7fffffff00000000000000de and max set version 59
2026-05-03 20:37:19 [cluster-ClusterId{value='69f764a6d5b4cb10c46c383d', description='Cluster0'}-ac-ipegaos-shard-00-01.n6xcems.mongodb.net:27017] INFO  org.mongodb.driver.cluster - Monitor thread successfully connected to server with description ServerDescription{address=ac-ipegaos-shard-00-01.n6xcems.mongodb.net:27017, type=REPLICA_SET_SECONDARY, state=CONNECTED, ok=true, minWireVersion=0, maxWireVersion=25, maxDocumentSize=16777216, logicalSessionTimeoutMinutes=30, roundTripTimeNanos=170943400, setName='atlas-12ucmv-shard-0', canonicalAddress=ac-ipegaos-shard-00-01.n6xcems.mongodb.net:27017, hosts=[ac-ipegaos-shard-00-00.n6xcems.mongodb.net:27017, ac-ipegaos-shard-00-02.n6xcems.mongodb.net:27017, ac-ipegaos-shard-00-01.n6xcems.mongodb.net:27017], passives=[], arbiters=[], primary='ac-ipegaos-shard-00-02.n6xcems.mongodb.net:27017', tagSet=TagSet{[Tag{name='availabilityZone', value='aps1-az3'}, Tag{name='cacheState', value='READY'}, Tag{name='diskState', value='READY'}, Tag{name='nodeType', value='ELECTABLE'}, Tag{name='provider', value='AWS'}, Tag{name='region', value='AP_SOUTH_1'}, Tag{name='workloadType', value='OPERATIONAL'}]}, electionId=null, setVersion=59, topologyVersion=TopologyVersion{processId=69f3ad64c76752dcd71912a2, counter=3}, lastWriteDate=Sun May 03 20:37:20 IST 2026, lastUpdateTimeNanos=12402432544800}
2026-05-03 20:37:19 [main] INFO  o.a.coyote.http11.Http11NioProtocol - Starting ProtocolHandler ["http-nio-5500"]
2026-05-03 20:37:19 [main] INFO  o.s.b.w.e.tomcat.TomcatWebServer - Tomcat started on port 5500 (http) with context path ''
2026-05-03 20:37:19 [main] INFO  com.sentinel.SentinelApplication - Started SentinelApplication in 4.899 seconds (process running for 5.479)
2026-05-03 20:38:32 [http-nio-5500-exec-1] INFO  o.a.c.c.C.[Tomcat].[localhost].[/] - Initializing Spring DispatcherServlet 'dispatcherServlet'
2026-05-03 20:38:32 [http-nio-5500-exec-1] INFO  o.s.web.servlet.DispatcherServlet - Initializing Servlet 'dispatcherServlet'
2026-05-03 20:38:32 [http-nio-5500-exec-1] INFO  o.s.web.servlet.DispatcherServlet - Completed initialization in 1 ms
2026-05-03 20:42:27 [background-preinit] INFO  o.h.validator.internal.util.Version - HV000001: Hibernate Validator 8.0.1.Final
2026-05-03 20:42:27 [main] INFO  com.sentinel.SentinelApplication - Starting SentinelApplication using Java 17.0.12 with PID 18768 (A:\Projects\Santinel\backend\target\classes started by Ajay in A:\Projects\Santinel\backend)
2026-05-03 20:42:27 [main] INFO  com.sentinel.SentinelApplication - No active profile set, falling back to 1 default profile: "default"
2026-05-03 20:42:28 [main] INFO  o.s.d.r.c.RepositoryConfigurationDelegate - Bootstrapping Spring Data MongoDB repositories in DEFAULT mode.
2026-05-03 20:42:28 [main] INFO  o.s.d.r.c.RepositoryConfigurationDelegate - Finished Spring Data repository scanning in 267 ms. Found 3 MongoDB repository interfaces.
2026-05-03 20:42:29 [main] INFO  o.s.b.w.e.tomcat.TomcatWebServer - Tomcat initialized with port 5500 (http)
2026-05-03 20:42:29 [main] INFO  o.a.coyote.http11.Http11NioProtocol - Initializing ProtocolHandler ["http-nio-5500"]
2026-05-03 20:42:29 [main] INFO  o.a.catalina.core.StandardService - Starting service [Tomcat]
2026-05-03 20:42:29 [main] INFO  o.a.catalina.core.StandardEngine - Starting Servlet engine: [Apache Tomcat/10.1.20]
2026-05-03 20:42:29 [main] INFO  o.a.c.c.C.[Tomcat].[localhost].[/] - Initializing Spring embedded WebApplicationContext
2026-05-03 20:42:29 [main] INFO  o.s.b.w.s.c.ServletWebServerApplicationContext - Root WebApplicationContext: initialization completed in 2295 ms
2026-05-03 20:42:29 [main] INFO  org.mongodb.driver.cluster - Adding discovered server ac-ipegaos-shard-00-00.n6xcems.mongodb.net:27017 to client view of cluster
2026-05-03 20:42:29 [main] INFO  org.mongodb.driver.cluster - Adding discovered server ac-ipegaos-shard-00-01.n6xcems.mongodb.net:27017 to client view of cluster
2026-05-03 20:42:29 [main] INFO  org.mongodb.driver.cluster - Adding discovered server ac-ipegaos-shard-00-02.n6xcems.mongodb.net:27017 to client view of cluster
2026-05-03 20:42:29 [main] INFO  org.mongodb.driver.client - MongoClient with metadata {"application": {"name": "Cluster0"}, "driver": {"name": "mongo-java-driver|sync|spring-boot", "version": "4.11.2"}, "os": {"type": "Windows", "name": "Windows 11", "architecture": "amd64", "version": "10.0"}, "platform": "Java/Oracle Corporation/17.0.12+8-LTS-286"} created with settings MongoClientSettings{readPreference=primary, writeConcern=WriteConcern{w=null, wTimeout=null ms, journal=null}, retryWrites=true, retryReads=true, readConcern=ReadConcern{level=null}, credential=MongoCredential{mechanism=null, userName='admin', source='admin', password=<hidden>, mechanismProperties=<hidden>}, transportSettings=null, streamFactoryFactory=null, commandListeners=[], codecRegistry=ProvidersCodecRegistry{codecProviders=[ValueCodecProvider{}, BsonValueCodecProvider{}, DBRefCodecProvider{}, DBObjectCodecProvider{}, DocumentCodecProvider{}, CollectionCodecProvider{}, IterableCodecProvider{}, MapCodecProvider{}, GeoJsonCodecProvider{}, GridFSFileCodecProvider{}, Jsr310CodecProvider{}, JsonObjectCodecProvider{}, BsonCodecProvider{}, EnumCodecProvider{}, com.mongodb.client.model.mql.ExpressionCodecProvider@2c3158e0, com.mongodb.Jep395RecordCodecProvider@412ebe64, com.mongodb.KotlinCodecProvider@6f731759]}, loggerSettings=LoggerSettings{maxDocumentLength=1000}, clusterSettings={hosts=[ac-ipegaos-shard-00-00.n6xcems.mongodb.net:27017, ac-ipegaos-shard-00-01.n6xcems.mongodb.net:27017, ac-ipegaos-shard-00-02.n6xcems.mongodb.net:27017], srvServiceName=mongodb, mode=MULTIPLE, requiredClusterType=REPLICA_SET, requiredReplicaSetName='atlas-12ucmv-shard-0', serverSelector='null', clusterListeners='[]', serverSelectionTimeout='30000 ms', localThreshold='15 ms'}, socketSettings=SocketSettings{connectTimeoutMS=10000, readTimeoutMS=0, receiveBufferSize=0, proxySettings=ProxySettings{host=null, port=null, username=null, password=null}}, heartbeatSocketSettings=SocketSettings{connectTimeoutMS=10000, readTimeoutMS=10000, receiveBufferSize=0, proxySettings=ProxySettings{host=null, port=null, username=null, password=null}}, connectionPoolSettings=ConnectionPoolSettings{maxSize=100, minSize=0, maxWaitTimeMS=120000, maxConnectionLifeTimeMS=0, maxConnectionIdleTimeMS=0, maintenanceInitialDelayMS=0, maintenanceFrequencyMS=60000, connectionPoolListeners=[], maxConnecting=2}, serverSettings=ServerSettings{heartbeatFrequencyMS=10000, minHeartbeatFrequencyMS=500, serverListeners='[]', serverMonitorListeners='[]'}, sslSettings=SslSettings{enabled=true, invalidHostNameAllowed=false, context=null}, applicationName='Cluster0', compressorList=[], uuidRepresentation=JAVA_LEGACY, serverApi=null, autoEncryptionSettings=null, dnsClient=null, inetAddressResolver=null, contextProvider=null}
2026-05-03 20:42:30 [main] WARN  o.s.b.a.s.s.UserDetailsServiceAutoConfiguration - 

Using generated security password: f47aa007-8449-4b24-8d31-a3ee922b44fc

This generated password is for development use only. Your security configuration must be updated before running your application in production.

2026-05-03 20:42:31 [cluster-ClusterId{value='69f765dd12468a427c60be63', description='Cluster0'}-ac-ipegaos-shard-00-02.n6xcems.mongodb.net:27017] INFO  org.mongodb.driver.cluster - Monitor thread successfully connected to server with description ServerDescription{address=ac-ipegaos-shard-00-02.n6xcems.mongodb.net:27017, type=REPLICA_SET_PRIMARY, state=CONNECTED, ok=true, minWireVersion=0, maxWireVersion=25, maxDocumentSize=16777216, logicalSessionTimeoutMinutes=30, roundTripTimeNanos=414992700, setName='atlas-12ucmv-shard-0', canonicalAddress=ac-ipegaos-shard-00-02.n6xcems.mongodb.net:27017, hosts=[ac-ipegaos-shard-00-00.n6xcems.mongodb.net:27017, ac-ipegaos-shard-00-02.n6xcems.mongodb.net:27017, ac-ipegaos-shard-00-01.n6xcems.mongodb.net:27017], passives=[], arbiters=[], primary='ac-ipegaos-shard-00-02.n6xcems.mongodb.net:27017', tagSet=TagSet{[Tag{name='availabilityZone', value='aps1-az2'}, Tag{name='cacheState', value='READY'}, Tag{name='diskState', value='READY'}, Tag{name='nodeType', value='ELECTABLE'}, Tag{name='provider', value='AWS'}, Tag{name='region', value='AP_SOUTH_1'}, Tag{name='workloadType', value='OPERATIONAL'}]}, electionId=7fffffff00000000000000de, setVersion=59, topologyVersion=TopologyVersion{processId=69f3aaf9f53630c5bd712865, counter=6}, lastWriteDate=Sun May 03 20:42:32 IST 2026, lastUpdateTimeNanos=12713844759700}
2026-05-03 20:42:31 [cluster-ClusterId{value='69f765dd12468a427c60be63', description='Cluster0'}-ac-ipegaos-shard-00-00.n6xcems.mongodb.net:27017] INFO  org.mongodb.driver.cluster - Monitor thread successfully connected to server with description ServerDescription{address=ac-ipegaos-shard-00-00.n6xcems.mongodb.net:27017, type=REPLICA_SET_SECONDARY, state=CONNECTED, ok=true, minWireVersion=0, maxWireVersion=25, maxDocumentSize=16777216, logicalSessionTimeoutMinutes=30, roundTripTimeNanos=414998200, setName='atlas-12ucmv-shard-0', canonicalAddress=ac-ipegaos-shard-00-00.n6xcems.mongodb.net:27017, hosts=[ac-ipegaos-shard-00-00.n6xcems.mongodb.net:27017, ac-ipegaos-shard-00-02.n6xcems.mongodb.net:27017, ac-ipegaos-shard-00-01.n6xcems.mongodb.net:27017], passives=[], arbiters=[], primary='ac-ipegaos-shard-00-02.n6xcems.mongodb.net:27017', tagSet=TagSet{[Tag{name='availabilityZone', value='aps1-az1'}, Tag{name='cacheState', value='READY'}, Tag{name='diskState', value='READY'}, Tag{name='nodeType', value='ELECTABLE'}, Tag{name='provider', value='AWS'}, Tag{name='region', value='AP_SOUTH_1'}, Tag{name='workloadType', value='OPERATIONAL'}]}, electionId=null, setVersion=59, topologyVersion=TopologyVersion{processId=69f3a905134fe1d7a24e0f42, counter=4}, lastWriteDate=Sun May 03 20:42:32 IST 2026, lastUpdateTimeNanos=12713844741200}
2026-05-03 20:42:31 [cluster-ClusterId{value='69f765dd12468a427c60be63', description='Cluster0'}-ac-ipegaos-shard-00-02.n6xcems.mongodb.net:27017] INFO  org.mongodb.driver.cluster - Discovered replica set primary ac-ipegaos-shard-00-02.n6xcems.mongodb.net:27017 with max election id 7fffffff00000000000000de and max set version 59
2026-05-03 20:42:31 [cluster-ClusterId{value='69f765dd12468a427c60be63', description='Cluster0'}-ac-ipegaos-shard-00-01.n6xcems.mongodb.net:27017] INFO  org.mongodb.driver.cluster - Monitor thread successfully connected to server with description ServerDescription{address=ac-ipegaos-shard-00-01.n6xcems.mongodb.net:27017, type=REPLICA_SET_SECONDARY, state=CONNECTED, ok=true, minWireVersion=0, maxWireVersion=25, maxDocumentSize=16777216, logicalSessionTimeoutMinutes=30, roundTripTimeNanos=178046700, setName='atlas-12ucmv-shard-0', canonicalAddress=ac-ipegaos-shard-00-01.n6xcems.mongodb.net:27017, hosts=[ac-ipegaos-shard-00-00.n6xcems.mongodb.net:27017, ac-ipegaos-shard-00-02.n6xcems.mongodb.net:27017, ac-ipegaos-shard-00-01.n6xcems.mongodb.net:27017], passives=[], arbiters=[], primary='ac-ipegaos-shard-00-02.n6xcems.mongodb.net:27017', tagSet=TagSet{[Tag{name='availabilityZone', value='aps1-az3'}, Tag{name='cacheState', value='READY'}, Tag{name='diskState', value='READY'}, Tag{name='nodeType', value='ELECTABLE'}, Tag{name='provider', value='AWS'}, Tag{name='region', value='AP_SOUTH_1'}, Tag{name='workloadType', value='OPERATIONAL'}]}, electionId=null, setVersion=59, topologyVersion=TopologyVersion{processId=69f3ad64c76752dcd71912a2, counter=3}, lastWriteDate=Sun May 03 20:42:32 IST 2026, lastUpdateTimeNanos=12713884788200}
2026-05-03 20:42:31 [main] INFO  o.s.s.web.DefaultSecurityFilterChain - Will secure any request with [org.springframework.security.web.session.DisableEncodeUrlFilter@1a01ffff, org.springframework.security.web.context.request.async.WebAsyncManagerIntegrationFilter@a99c42c, org.springframework.security.web.context.SecurityContextHolderFilter@1b1ea1d9, org.springframework.security.web.header.HeaderWriterFilter@299a43d9, org.springframework.web.filter.CorsFilter@2fa879ed, org.springframework.security.web.authentication.logout.LogoutFilter@32d22650, com.sentinel.security.JwtTokenFilter@2b2b7e3c, org.springframework.security.web.savedrequest.RequestCacheAwareFilter@55d99dc3, org.springframework.security.web.servletapi.SecurityContextHolderAwareRequestFilter@521a506c, org.springframework.security.web.authentication.AnonymousAuthenticationFilter@3ec082a1, org.springframework.security.web.session.SessionManagementFilter@7a117dc2, org.springframework.security.web.access.ExceptionTranslationFilter@22ae32ba, org.springframework.security.web.access.intercept.AuthorizationFilter@794d28a3]
2026-05-03 20:42:31 [main] INFO  o.a.coyote.http11.Http11NioProtocol - Starting ProtocolHandler ["http-nio-5500"]
2026-05-03 20:42:31 [main] INFO  o.s.b.w.e.tomcat.TomcatWebServer - Tomcat started on port 5500 (http) with context path ''
2026-05-03 20:42:31 [main] INFO  com.sentinel.SentinelApplication - Started SentinelApplication in 5.235 seconds (process running for 5.867)
2026-05-03 20:44:26 [http-nio-5500-exec-1] INFO  o.a.c.c.C.[Tomcat].[localhost].[/] - Initializing Spring DispatcherServlet 'dispatcherServlet'
2026-05-03 20:44:26 [http-nio-5500-exec-1] INFO  o.s.web.servlet.DispatcherServlet - Initializing Servlet 'dispatcherServlet'
2026-05-03 20:44:26 [http-nio-5500-exec-1] INFO  o.s.web.servlet.DispatcherServlet - Completed initialization in 2 ms
2026-05-03 21:50:36 [cluster-ClusterId{value='69f765dd12468a427c60be63', description='Cluster0'}-ac-ipegaos-shard-00-00.n6xcems.mongodb.net:27017] INFO  org.mongodb.driver.cluster - Exception in monitor thread while connecting to server ac-ipegaos-shard-00-00.n6xcems.mongodb.net:27017
com.mongodb.MongoSocketReadException: Exception receiving message
	at com.mongodb.internal.connection.InternalStreamConnection.translateReadException(InternalStreamConnection.java:730)
	at com.mongodb.internal.connection.InternalStreamConnection.receiveMessageWithAdditionalTimeout(InternalStreamConnection.java:606)
	at com.mongodb.internal.connection.InternalStreamConnection.receiveCommandMessageResponse(InternalStreamConnection.java:451)
	at com.mongodb.internal.connection.InternalStreamConnection.receive(InternalStreamConnection.java:404)
	at com.mongodb.internal.connection.DefaultServerMonitor$ServerMonitorRunnable.lookupServerDescription(DefaultServerMonitor.java:221)
	at com.mongodb.internal.connection.DefaultServerMonitor$ServerMonitorRunnable.run(DefaultServerMonitor.java:153)
	at java.base/java.lang.Thread.run(Thread.java:842)
Caused by: java.net.SocketException: Connection reset
	at java.base/sun.nio.ch.NioSocketImpl.implRead(NioSocketImpl.java:328)
	at java.base/sun.nio.ch.NioSocketImpl.read(NioSocketImpl.java:355)
	at java.base/sun.nio.ch.NioSocketImpl$1.read(NioSocketImpl.java:808)
	at java.base/java.net.Socket$SocketInputStream.read(Socket.java:966)
	at java.base/sun.security.ssl.SSLSocketInputRecord.read(SSLSocketInputRecord.java:484)
	at java.base/sun.security.ssl.SSLSocketInputRecord.readHeader(SSLSocketInputRecord.java:478)
	at java.base/sun.security.ssl.SSLSocketInputRecord.bytesInCompletePacket(SSLSocketInputRecord.java:70)
	at java.base/sun.security.ssl.SSLSocketImpl.readApplicationRecord(SSLSocketImpl.java:1461)
	at java.base/sun.security.ssl.SSLSocketImpl$AppInputStream.read(SSLSocketImpl.java:1065)
	at com.mongodb.internal.connection.SocketStream.read(SocketStream.java:175)
	at com.mongodb.internal.connection.SocketStream.read(SocketStream.java:200)
	at com.mongodb.internal.connection.InternalStreamConnection.receiveResponseBuffers(InternalStreamConnection.java:739)
	at com.mongodb.internal.connection.InternalStreamConnection.receiveMessageWithAdditionalTimeout(InternalStreamConnection.java:603)
	... 5 common frames omitted
2026-05-03 21:50:36 [cluster-ClusterId{value='69f765dd12468a427c60be63', description='Cluster0'}-ac-ipegaos-shard-00-01.n6xcems.mongodb.net:27017] INFO  org.mongodb.driver.cluster - Exception in monitor thread while connecting to server ac-ipegaos-shard-00-01.n6xcems.mongodb.net:27017
com.mongodb.MongoSocketReadException: Exception receiving message
	at com.mongodb.internal.connection.InternalStreamConnection.translateReadException(InternalStreamConnection.java:730)
	at com.mongodb.internal.connection.InternalStreamConnection.receiveMessageWithAdditionalTimeout(InternalStreamConnection.java:606)
	at com.mongodb.internal.connection.InternalStreamConnection.receiveCommandMessageResponse(InternalStreamConnection.java:451)
	at com.mongodb.internal.connection.InternalStreamConnection.receive(InternalStreamConnection.java:404)
	at com.mongodb.internal.connection.DefaultServerMonitor$ServerMonitorRunnable.lookupServerDescription(DefaultServerMonitor.java:221)
	at com.mongodb.internal.connection.DefaultServerMonitor$ServerMonitorRunnable.run(DefaultServerMonitor.java:153)
	at java.base/java.lang.Thread.run(Thread.java:842)
Caused by: java.net.SocketException: Connection reset
	at java.base/sun.nio.ch.NioSocketImpl.implRead(NioSocketImpl.java:328)
	at java.base/sun.nio.ch.NioSocketImpl.read(NioSocketImpl.java:355)
	at java.base/sun.nio.ch.NioSocketImpl$1.read(NioSocketImpl.java:808)
	at java.base/java.net.Socket$SocketInputStream.read(Socket.java:966)
	at java.base/sun.security.ssl.SSLSocketInputRecord.read(SSLSocketInputRecord.java:484)
	at java.base/sun.security.ssl.SSLSocketInputRecord.readHeader(SSLSocketInputRecord.java:478)
	at java.base/sun.security.ssl.SSLSocketInputRecord.bytesInCompletePacket(SSLSocketInputRecord.java:70)
	at java.base/sun.security.ssl.SSLSocketImpl.readApplicationRecord(SSLSocketImpl.java:1461)
	at java.base/sun.security.ssl.SSLSocketImpl$AppInputStream.read(SSLSocketImpl.java:1065)
	at com.mongodb.internal.connection.SocketStream.read(SocketStream.java:175)
	at com.mongodb.internal.connection.SocketStream.read(SocketStream.java:200)
	at com.mongodb.internal.connection.InternalStreamConnection.receiveResponseBuffers(InternalStreamConnection.java:739)
	at com.mongodb.internal.connection.InternalStreamConnection.receiveMessageWithAdditionalTimeout(InternalStreamConnection.java:603)
	... 5 common frames omitted
2026-05-03 21:50:36 [cluster-ClusterId{value='69f765dd12468a427c60be63', description='Cluster0'}-ac-ipegaos-shard-00-02.n6xcems.mongodb.net:27017] INFO  org.mongodb.driver.cluster - Exception in monitor thread while connecting to server ac-ipegaos-shard-00-02.n6xcems.mongodb.net:27017
com.mongodb.MongoSocketReadException: Exception receiving message
	at com.mongodb.internal.connection.InternalStreamConnection.translateReadException(InternalStreamConnection.java:730)
	at com.mongodb.internal.connection.InternalStreamConnection.receiveMessageWithAdditionalTimeout(InternalStreamConnection.java:606)
	at com.mongodb.internal.connection.InternalStreamConnection.receiveCommandMessageResponse(InternalStreamConnection.java:451)
	at com.mongodb.internal.connection.InternalStreamConnection.receive(InternalStreamConnection.java:404)
	at com.mongodb.internal.connection.DefaultServerMonitor$ServerMonitorRunnable.lookupServerDescription(DefaultServerMonitor.java:221)
	at com.mongodb.internal.connection.DefaultServerMonitor$ServerMonitorRunnable.run(DefaultServerMonitor.java:153)
	at java.base/java.lang.Thread.run(Thread.java:842)
Caused by: java.net.SocketException: Connection reset
	at java.base/sun.nio.ch.NioSocketImpl.implRead(NioSocketImpl.java:328)
	at java.base/sun.nio.ch.NioSocketImpl.read(NioSocketImpl.java:355)
	at java.base/sun.nio.ch.NioSocketImpl$1.read(NioSocketImpl.java:808)
	at java.base/java.net.Socket$SocketInputStream.read(Socket.java:966)
	at java.base/sun.security.ssl.SSLSocketInputRecord.read(SSLSocketInputRecord.java:484)
	at java.base/sun.security.ssl.SSLSocketInputRecord.readHeader(SSLSocketInputRecord.java:478)
	at java.base/sun.security.ssl.SSLSocketInputRecord.bytesInCompletePacket(SSLSocketInputRecord.java:70)
	at java.base/sun.security.ssl.SSLSocketImpl.readApplicationRecord(SSLSocketImpl.java:1461)
	at java.base/sun.security.ssl.SSLSocketImpl$AppInputStream.read(SSLSocketImpl.java:1065)
	at com.mongodb.internal.connection.SocketStream.read(SocketStream.java:175)
	at com.mongodb.internal.connection.SocketStream.read(SocketStream.java:200)
	at com.mongodb.internal.connection.InternalStreamConnection.receiveResponseBuffers(InternalStreamConnection.java:739)
	at com.mongodb.internal.connection.InternalStreamConnection.receiveMessageWithAdditionalTimeout(InternalStreamConnection.java:603)
	... 5 common frames omitted
2026-05-03 21:50:36 [cluster-ClusterId{value='69f765dd12468a427c60be63', description='Cluster0'}-ac-ipegaos-shard-00-00.n6xcems.mongodb.net:27017] INFO  org.mongodb.driver.cluster - Monitor thread successfully connected to server with description ServerDescription{address=ac-ipegaos-shard-00-00.n6xcems.mongodb.net:27017, type=REPLICA_SET_SECONDARY, state=CONNECTED, ok=true, minWireVersion=0, maxWireVersion=25, maxDocumentSize=16777216, logicalSessionTimeoutMinutes=30, roundTripTimeNanos=186846201, setName='atlas-12ucmv-shard-0', canonicalAddress=ac-ipegaos-shard-00-00.n6xcems.mongodb.net:27017, hosts=[ac-ipegaos-shard-00-00.n6xcems.mongodb.net:27017, ac-ipegaos-shard-00-02.n6xcems.mongodb.net:27017, ac-ipegaos-shard-00-01.n6xcems.mongodb.net:27017], passives=[], arbiters=[], primary='ac-ipegaos-shard-00-02.n6xcems.mongodb.net:27017', tagSet=TagSet{[Tag{name='availabilityZone', value='aps1-az1'}, Tag{name='cacheState', value='READY'}, Tag{name='diskState', value='READY'}, Tag{name='nodeType', value='ELECTABLE'}, Tag{name='provider', value='AWS'}, Tag{name='region', value='AP_SOUTH_1'}, Tag{name='workloadType', value='OPERATIONAL'}]}, electionId=null, setVersion=59, topologyVersion=TopologyVersion{processId=69f3a905134fe1d7a24e0f42, counter=4}, lastWriteDate=Sun May 03 21:50:37 IST 2026, lastUpdateTimeNanos=16799707091000}
2026-05-03 21:50:37 [cluster-ClusterId{value='69f765dd12468a427c60be63', description='Cluster0'}-ac-ipegaos-shard-00-01.n6xcems.mongodb.net:27017] INFO  org.mongodb.driver.cluster - Monitor thread successfully connected to server with description ServerDescription{address=ac-ipegaos-shard-00-01.n6xcems.mongodb.net:27017, type=REPLICA_SET_SECONDARY, state=CONNECTED, ok=true, minWireVersion=0, maxWireVersion=25, maxDocumentSize=16777216, logicalSessionTimeoutMinutes=30, roundTripTimeNanos=268178600, setName='atlas-12ucmv-shard-0', canonicalAddress=ac-ipegaos-shard-00-01.n6xcems.mongodb.net:27017, hosts=[ac-ipegaos-shard-00-00.n6xcems.mongodb.net:27017, ac-ipegaos-shard-00-02.n6xcems.mongodb.net:27017, ac-ipegaos-shard-00-01.n6xcems.mongodb.net:27017], passives=[], arbiters=[], primary='ac-ipegaos-shard-00-02.n6xcems.mongodb.net:27017', tagSet=TagSet{[Tag{name='availabilityZone', value='aps1-az3'}, Tag{name='cacheState', value='READY'}, Tag{name='diskState', value='READY'}, Tag{name='nodeType', value='ELECTABLE'}, Tag{name='provider', value='AWS'}, Tag{name='region', value='AP_SOUTH_1'}, Tag{name='workloadType', value='OPERATIONAL'}]}, electionId=null, setVersion=59, topologyVersion=TopologyVersion{processId=69f3ad64c76752dcd71912a2, counter=3}, lastWriteDate=Sun May 03 21:50:37 IST 2026, lastUpdateTimeNanos=16799833271200}
2026-05-03 21:50:37 [cluster-ClusterId{value='69f765dd12468a427c60be63', description='Cluster0'}-ac-ipegaos-shard-00-02.n6xcems.mongodb.net:27017] INFO  org.mongodb.driver.cluster - Monitor thread successfully connected to server with description ServerDescription{address=ac-ipegaos-shard-00-02.n6xcems.mongodb.net:27017, type=REPLICA_SET_PRIMARY, state=CONNECTED, ok=true, minWireVersion=0, maxWireVersion=25, maxDocumentSize=16777216, logicalSessionTimeoutMinutes=30, roundTripTimeNanos=190299800, setName='atlas-12ucmv-shard-0', canonicalAddress=ac-ipegaos-shard-00-02.n6xcems.mongodb.net:27017, hosts=[ac-ipegaos-shard-00-00.n6xcems.mongodb.net:27017, ac-ipegaos-shard-00-02.n6xcems.mongodb.net:27017, ac-ipegaos-shard-00-01.n6xcems.mongodb.net:27017], passives=[], arbiters=[], primary='ac-ipegaos-shard-00-02.n6xcems.mongodb.net:27017', tagSet=TagSet{[Tag{name='availabilityZone', value='aps1-az2'}, Tag{name='cacheState', value='READY'}, Tag{name='diskState', value='READY'}, Tag{name='nodeType', value='ELECTABLE'}, Tag{name='provider', value='AWS'}, Tag{name='region', value='AP_SOUTH_1'}, Tag{name='workloadType', value='OPERATIONAL'}]}, electionId=7fffffff00000000000000de, setVersion=59, topologyVersion=TopologyVersion{processId=69f3aaf9f53630c5bd712865, counter=6}, lastWriteDate=Sun May 03 21:50:38 IST 2026, lastUpdateTimeNanos=16800646682300}
2026-05-03 21:50:37 [cluster-ClusterId{value='69f765dd12468a427c60be63', description='Cluster0'}-ac-ipegaos-shard-00-02.n6xcems.mongodb.net:27017] INFO  org.mongodb.driver.cluster - Discovered replica set primary ac-ipegaos-shard-00-02.n6xcems.mongodb.net:27017 with max election id 7fffffff00000000000000de and max set version 59
